Component: ARM Compiler 5.06 (build 20) Tool: armlink [4d35a3]

==============================================================================

Section Cross References

    stm32f4xx_adc.o(i.ADC_DeInit) refers to stm32f4xx_rcc.o(i.RCC_APB2PeriphResetCmd) for RCC_APB2PeriphResetCmd
    stm32f4xx_rtc.o(i.RTC_CoarseCalibCmd) refers to stm32f4xx_rtc.o(i.RTC_EnterInitMode) for RTC_EnterInitMode
    stm32f4xx_rtc.o(i.RTC_CoarseCalibCmd) refers to stm32f4xx_rtc.o(i.RTC_ExitInitMode) for RTC_ExitInitMode
    stm32f4xx_rtc.o(i.RTC_CoarseCalibConfig) refers to stm32f4xx_rtc.o(i.RTC_EnterInitMode) for RTC_EnterInitMode
    stm32f4xx_rtc.o(i.RTC_CoarseCalibConfig) refers to stm32f4xx_rtc.o(i.RTC_ExitInitMode) for RTC_ExitInitMode
    stm32f4xx_rtc.o(i.RTC_DeInit) refers to stm32f4xx_rtc.o(i.RTC_EnterInitMode) for RTC_EnterInitMode
    stm32f4xx_rtc.o(i.RTC_DeInit) refers to stm32f4xx_rtc.o(i.RTC_WaitForSynchro) for RTC_WaitForSynchro
    stm32f4xx_rtc.o(i.RTC_GetAlarm) refers to stm32f4xx_rtc.o(i.RTC_Bcd2ToByte) for RTC_Bcd2ToByte
    stm32f4xx_rtc.o(i.RTC_GetDate) refers to stm32f4xx_rtc.o(i.RTC_Bcd2ToByte) for RTC_Bcd2ToByte
    stm32f4xx_rtc.o(i.RTC_GetTime) refers to stm32f4xx_rtc.o(i.RTC_Bcd2ToByte) for RTC_Bcd2ToByte
    stm32f4xx_rtc.o(i.RTC_GetTimeStamp) refers to stm32f4xx_rtc.o(i.RTC_Bcd2ToByte) for RTC_Bcd2ToByte
    stm32f4xx_rtc.o(i.RTC_Init) refers to stm32f4xx_rtc.o(i.RTC_EnterInitMode) for RTC_EnterInitMode
    stm32f4xx_rtc.o(i.RTC_Init) refers to stm32f4xx_rtc.o(i.RTC_ExitInitMode) for RTC_ExitInitMode
    stm32f4xx_rtc.o(i.RTC_RefClockCmd) refers to stm32f4xx_rtc.o(i.RTC_EnterInitMode) for RTC_EnterInitMode
    stm32f4xx_rtc.o(i.RTC_RefClockCmd) refers to stm32f4xx_rtc.o(i.RTC_ExitInitMode) for RTC_ExitInitMode
    stm32f4xx_rtc.o(i.RTC_SetAlarm) refers to stm32f4xx_rtc.o(i.RTC_Bcd2ToByte) for RTC_Bcd2ToByte
    stm32f4xx_rtc.o(i.RTC_SetAlarm) refers to stm32f4xx_rtc.o(i.RTC_ByteToBcd2) for RTC_ByteToBcd2
    stm32f4xx_rtc.o(i.RTC_SetDate) refers to stm32f4xx_rtc.o(i.RTC_Bcd2ToByte) for RTC_Bcd2ToByte
    stm32f4xx_rtc.o(i.RTC_SetDate) refers to stm32f4xx_rtc.o(i.RTC_ByteToBcd2) for RTC_ByteToBcd2
    stm32f4xx_rtc.o(i.RTC_SetDate) refers to stm32f4xx_rtc.o(i.RTC_EnterInitMode) for RTC_EnterInitMode
    stm32f4xx_rtc.o(i.RTC_SetDate) refers to stm32f4xx_rtc.o(i.RTC_ExitInitMode) for RTC_ExitInitMode
    stm32f4xx_rtc.o(i.RTC_SetDate) refers to stm32f4xx_rtc.o(i.RTC_WaitForSynchro) for RTC_WaitForSynchro
    stm32f4xx_rtc.o(i.RTC_SetTime) refers to stm32f4xx_rtc.o(i.RTC_Bcd2ToByte) for RTC_Bcd2ToByte
    stm32f4xx_rtc.o(i.RTC_SetTime) refers to stm32f4xx_rtc.o(i.RTC_ByteToBcd2) for RTC_ByteToBcd2
    stm32f4xx_rtc.o(i.RTC_SetTime) refers to stm32f4xx_rtc.o(i.RTC_EnterInitMode) for RTC_EnterInitMode
    stm32f4xx_rtc.o(i.RTC_SetTime) refers to stm32f4xx_rtc.o(i.RTC_ExitInitMode) for RTC_ExitInitMode
    stm32f4xx_rtc.o(i.RTC_SetTime) refers to stm32f4xx_rtc.o(i.RTC_WaitForSynchro) for RTC_WaitForSynchro
    stm32f4xx_rtc.o(i.RTC_SynchroShiftConfig) refers to stm32f4xx_rtc.o(i.RTC_WaitForSynchro) for RTC_WaitForSynchro
    stm32f4xx_tim.o(i.TIM_DeInit) refers to stm32f4xx_rcc.o(i.RCC_APB2PeriphResetCmd) for RCC_APB2PeriphResetCmd
    stm32f4xx_tim.o(i.TIM_DeInit) refers to stm32f4xx_rcc.o(i.RCC_APB1PeriphResetCmd) for RCC_APB1PeriphResetCmd
    stm32f4xx_tim.o(i.TIM_ETRClockMode1Config) refers to stm32f4xx_tim.o(i.TIM_ETRConfig) for TIM_ETRConfig
    stm32f4xx_tim.o(i.TIM_ETRClockMode2Config) refers to stm32f4xx_tim.o(i.TIM_ETRConfig) for TIM_ETRConfig
    stm32f4xx_tim.o(i.TIM_ICInit) refers to stm32f4xx_tim.o(i.TI1_Config) for TI1_Config
    stm32f4xx_tim.o(i.TIM_ICInit) refers to stm32f4xx_tim.o(i.TIM_SetIC1Prescaler) for TIM_SetIC1Prescaler
    stm32f4xx_tim.o(i.TIM_ICInit) refers to stm32f4xx_tim.o(i.TI2_Config) for TI2_Config
    stm32f4xx_tim.o(i.TIM_ICInit) refers to stm32f4xx_tim.o(i.TIM_SetIC2Prescaler) for TIM_SetIC2Prescaler
    stm32f4xx_tim.o(i.TIM_ICInit) refers to stm32f4xx_tim.o(i.TI3_Config) for TI3_Config
    stm32f4xx_tim.o(i.TIM_ICInit) refers to stm32f4xx_tim.o(i.TIM_SetIC3Prescaler) for TIM_SetIC3Prescaler
    stm32f4xx_tim.o(i.TIM_ICInit) refers to stm32f4xx_tim.o(i.TI4_Config) for TI4_Config
    stm32f4xx_tim.o(i.TIM_ICInit) refers to stm32f4xx_tim.o(i.TIM_SetIC4Prescaler) for TIM_SetIC4Prescaler
    stm32f4xx_tim.o(i.TIM_ITRxExternalClockConfig) refers to stm32f4xx_tim.o(i.TIM_SelectInputTrigger) for TIM_SelectInputTrigger
    stm32f4xx_tim.o(i.TIM_PWMIConfig) refers to stm32f4xx_tim.o(i.TI1_Config) for TI1_Config
    stm32f4xx_tim.o(i.TIM_PWMIConfig) refers to stm32f4xx_tim.o(i.TIM_SetIC1Prescaler) for TIM_SetIC1Prescaler
    stm32f4xx_tim.o(i.TIM_PWMIConfig) refers to stm32f4xx_tim.o(i.TI2_Config) for TI2_Config
    stm32f4xx_tim.o(i.TIM_PWMIConfig) refers to stm32f4xx_tim.o(i.TIM_SetIC2Prescaler) for TIM_SetIC2Prescaler
    stm32f4xx_tim.o(i.TIM_TIxExternalClockConfig) refers to stm32f4xx_tim.o(i.TI2_Config) for TI2_Config
[...]
    ..\\User\\rtc.c                          0x00000000   Number         0  rtc.o ABSOLUTE
    ..\\User\\stm32f4xx_it.c                 0x00000000   Number         0  stm32f4xx_it.o ABSOLUTE
    ..\\User\\system_stm32f4xx.c             0x00000000   Number         0  system_stm32f4xx_1.o ABSOLUTE
    ..\\User\\task.c                         0x00000000   Number         0  task.o ABSOLUTE
    ..\\User\\timer.c                        0x00000000   Number         0  timer.o ABSOLUTE
    ..\\User\\uart.c                         0x00000000   Number         0  uart.o ABSOLUTE
    dc.s                                     0x00000000   Number         0  dc.o ABSOLUTE
    RESET                                    0x08000000   Section      392  startup_stm32f40_41xxx.o(RESET)
    !!!main                                  0x08000188   Section        8  __main.o(!!!main)
    !!!scatter                               0x08000190   Section       52  __scatter.o(!!!scatter)
    !!handler_copy                           0x080001c4   Section       26  __scatter_copy.o(!!handler_copy)
    !!handler_zi                             0x080001e0   Section       28  __scatter_zi.o(!!handler_zi)
    .ARM.Collect$$_printf_percent$$00000000  0x080001fc   Section        0  _printf_percent.o(.ARM.Collect$$_printf_percent$$00000000)
    .ARM.Collect$$_printf_percent$$00000003  0x080001fc   Section        6  _printf_f.o(.ARM.Collect$$_printf_percent$$00000003)
    .ARM.Collect$$_printf_percent$$00000009  0x08000202   Section        6  _printf_d.o(.ARM.Collect$$_printf_percent$$00000009)
    .ARM.Collect$$_printf_percent$$0000000C  0x08000208   Section        6  _printf_x.o(.ARM.Collect$$_printf_percent$$0000000C)
    .ARM.Collect$$_printf_percent$$00000017  0x0800020e   Section        4  _printf_percent_end.o(.ARM.Collect$$_printf_percent$$00000017)
    .ARM.Collect$$libinit$$00000000          0x08000212   Section        2  libinit.o(.ARM.Collect$$libinit$$00000000)
    .ARM.Collect$$libinit$$00000001          0x08000214   Section        4  libinit2.o(.ARM.Collect$$libinit$$00000001)
    .ARM.Collect$$libinit$$00000004          0x08000218   Section        0  libinit2.o(.ARM.Collect$$libinit$$00000004)
    .ARM.Collect$$libinit$$0000000A          0x08000218   Section        0  libinit2.o(.ARM.Collect$$libinit$$0000000A)
    .ARM.Collect$$libinit$$0000000C          0x08000218   Section        0  libinit2.o(.ARM.Collect$$libinit$$0000000C)
    .ARM.Collect$$libinit$$0000000E          0x08000218   Section        0  libinit2.o(.ARM.Collect$$libinit$$0000000E)
    .ARM.Collect$$libinit$$0000000F          0x08000218   Section        6  libinit2.o(.ARM.Collect$$libinit$$0000000F)
    .ARM.Collect$$libinit$$00000011          0x0800021e   Section        0  libinit2.o(.ARM.Collect$$libinit$$00000011)
    .ARM.Collect$$libinit$$00000013          0x0800021e   Section        0  libinit2.o(.ARM.Collect$$libinit$$00000013)
    .ARM.Collect$$libinit$$00000015          0x0800021e   Section        0  libinit2.o(.ARM.Collect$$libinit$$00000015)
    .ARM.Collect$$libinit$$00000016          0x0800021e   Section       10  libinit2.o(.ARM.Collect$$libinit$$00000016)
    .ARM.Collect$$libinit$$00000017          0x08000228   Section        0  libinit2.o(.ARM.Collect$$libinit$$00000017)
    .ARM.Collect$$libinit$$00000019          0x08000228   Section        0  libinit2.o(.ARM.Collect$$libinit$$00000019)
    .ARM.Collect$$libinit$$0000001B          0x08000228   Section        0  libinit2.o(.ARM.Collect$$libinit$$0000001B)
    .ARM.Collect$$libinit$$0000001D          0x08000228   Section        0  libinit2.o(.ARM.Collect$$libinit$$0000001D)
    .ARM.Collect$$libinit$$0000001F          0x08000228   Section        0  libinit2.o(.ARM.Collect$$libinit$$0000001F)
    .ARM.Collect$$libinit$$00000021          0x08000228   Section        0  libinit2.o(.ARM.Collect$$libinit$$00000021)
    .ARM.Collect$$libinit$$00000023          0x08000228   Section        0  libinit2.o(.ARM.Collect$$libinit$$00000023)
    .ARM.Collect$$libinit$$00000025          0x08000228   Section        0  libinit2.o(.ARM.Collect$$libinit$$00000025)
    .ARM.Collect$$libinit$$0000002C          0x08000228   Section        0  libinit2.o(.ARM.Collect$$libinit$$0000002C)
    .ARM.Collect$$libinit$$0000002E          0x08000228   Section        0  libinit2.o(.ARM.Collect$$libinit$$0000002E)
    .ARM.Collect$$libinit$$00000030          0x08000228   Section        0  libinit2.o(.ARM.Collect$$libinit$$00000030)
    .ARM.Collect$$libinit$$00000032          0x08000228   Section        0  libinit2.o(.ARM.Collect$$libinit$$00000032)
    .ARM.Collect$$libinit$$00000033          0x08000228   Section        2  libinit2.o(.ARM.Collect$$libinit$$00000033)
    .ARM.Collect$$libshutdown$$00000000      0x0800022a   Section        2  libshutdown.o(.ARM.Collect$$libshutdown$$00000000)
    .ARM.Collect$$libshutdown$$00000002      0x0800022c   Section        0  libshutdown2.o(.ARM.Collect$$libshutdown$$00000002)
    .ARM.Collect$$libshutdown$$00000004      0x0800022c   Section        0  libshutdown2.o(.ARM.Collect$$libshutdown$$00000004)
    .ARM.Collect$$libshutdown$$00000007      0x0800022c   Section        0  libshutdown2.o(.ARM.Collect$$libshutdown$$00000007)
    .ARM.Collect$$libshutdown$$0000000A      0x0800022c   Section        0  libshutdown2.o(.ARM.Collect$$libshutdown$$0000000A)
    .ARM.Collect$$libshutdown$$0000000C      0x0800022c   Section        0  libshutdown2.o(.ARM.Collect$$libshutdown$$0000000C)
    .ARM.Collect$$libshutdown$$0000000F      0x0800022c   Section        0  libshutdown2.o(.ARM.Collect$$libshutdown$$0000000F)
    .ARM.Collect$$libshutdown$$00000010      0x0800022c   Section        2  libshutdown2.o(.ARM.Collect$$libshutdown$$00000010)
    .ARM.Collect$$rtentry$$00000000          0x0800022e   Section        0  __rtentry.o(.ARM.Collect$$rtentry$$00000000)
    .ARM.Collect$$rtentry$$00000002          0x0800022e   Section        0  __rtentry2.o(.ARM.Collect$$rtentry$$00000002)
    .ARM.Collect$$rtentry$$00000004          0x0800022e   Section        6  __rtentry4.o(.ARM.Collect$$rtentry$$00000004)
    .ARM.Collect$$rtentry$$00000009          0x08000234   Section        0  __rtentry2.o(.ARM.Collect$$rtentry$$00000009)
    .ARM.Collect$$rtentry$$0000000A          0x08000234   Section        4  __rtentry2.o(.ARM.Collect$$rtentry$$0000000A)
    .ARM.Collect$$rtentry$$0000000C          0x08000238   Section        0  __rtentry2.o(.ARM.Collect$$rtentry$$0000000C)
    .ARM.Collect$$rtentry$$0000000D          0x08000238   Section        8  __rtentry2.o(.ARM.Collect$$rtentry$$0000000D)
    .ARM.Collect$$rtexit$$00000000           0x08000240   Section        2  rtexit.o(.ARM.Collect$$rtexit$$00000000)
    .ARM.Collect$$rtexit$$00000002           0x08000242   Section        0  rtexit2.o(.ARM.Collect$$rtexit$$00000002)
    .ARM.Collect$$rtexit$$00000003           0x08000242   Section        4  rtexit2.o(.ARM.Collect$$rtexit$$00000003)
    .ARM.Collect$$rtexit$$00000004           0x08000246   Section        6  rtexit2.o(.ARM.Collect$$rtexit$$00000004)
    .text                                    0x0800024c   Section       64  startup_stm32f40_41xxx.o(.text)
    $v0                                      0x0800024c   Number         0  startup_stm32f40_41xxx.o(.text)
    .text                                    0x0800028c   Section        2  use_no_semi_2.o(.text)
    .text                                    0x08000290   Section        0  noretval__2printf.o(.text)
    .text                                    0x080002a8   Section        0  _printf_pad.o(.text)
    .text                                    0x080002f8   Section        0  _printf_dec.o(.text)
    .text                                    0x08000370   Section        0  _printf_hex_int.o(.text)
    .text                                    0x080003c8   Section        0  __printf_flags_wp.o(.text)
    .text                                    0x08000500   Section        0  heapauxi.o(.text)
    .text                                    0x08000506   Section        2  use_no_semi.o(.text)
    .text                                    0x08000508   Section        0  _printf_intcommon.o(.text)
    .text                                    0x080005ba   Section        0  _printf_fp_dec.o(.text)
    _fp_digits                               0x080005bd   Thumb Code   428  _printf_fp_dec.o(.text)
    .text                                    0x080009d4   Section        0  _printf_char_common.o(.text)
    _printf_input_char                       0x080009d5   Thumb Code    10  _printf_char_common.o(.text)
    .text                                    0x08000a04   Section        0  _printf_char_file.o(.text)
    .text                                    0x08000a28   Section        8  rt_locale_intlibspace.o(.text)
    .text                                    0x08000a30   Section      138  lludiv10.o(.text)
    .text                                    0x08000abc   Section        0  _printf_fp_infnan.o(.text)
    .text                                    0x08000b3c   Section        0  bigflt0.o(.text)
    .text                                    0x08000c18   Section        0  ferror.o(.text)
    .text                                    0x08000c20   Section        8  libspace.o(.text)
    .text                                    0x08000c28   Section       74  sys_stackheap_outer.o(.text)
    .text                                    0x08000c72   Section        0  exit.o(.text)
    .text                                    0x08000c84   Section      128  strcmpv7m.o(.text)
    CL$$btod_d2e                             0x08000d04   Section       62  btod.o(CL$$btod_d2e)
    CL$$btod_d2e_denorm_low                  0x08000d42   Section       70  btod.o(CL$$btod_d2e_denorm_low)
    CL$$btod_d2e_norm_op1                    0x08000d88   Section       96  btod.o(CL$$btod_d2e_norm_op1)
    CL$$btod_div_common                      0x08000de8   Section      824  btod.o(CL$$btod_div_common)
    CL$$btod_e2e                             0x08001120   Section      198  btod.o(CL$$btod_e2e)
    CL$$btod_ediv                            0x080011e6   Section       40  btod.o(CL$$btod_ediv)
    CL$$btod_emul                            0x0800120e   Section       40  btod.o(CL$$btod_emul)
    CL$$btod_mult_common                     0x08001236   Section      580  btod.o(CL$$btod_mult_common)
    i.ADC_Cmd                                0x0800147a   Section        0  stm32f4xx_adc.o(i.ADC_Cmd)
    i.ADC_CommonInit                         0x08001490   Section        0  stm32f4xx_adc.o(i.ADC_CommonInit)
    i.ADC_DMACmd                             0x080014c0   Section        0  stm32f4xx_adc.o(i.ADC_DMACmd)
    i.ADC_Init                               0x080014d8   Section        0  stm32f4xx_adc.o(i.ADC_Init)
    i.ADC_MultiModeDMARequestAfterLastTransferCmd 0x0800152c   Section        0  stm32f4xx_adc.o(i.ADC_MultiModeDMARequestAfterLastTransferCmd)
    i.ADC_RegularChannelConfig               0x08001558   Section        0  stm32f4xx_adc.o(i.ADC_RegularChannelConfig)
    i.ADC_SoftwareStartConv                  0x08001610   Section        0  stm32f4xx_adc.o(i.ADC_SoftwareStartConv)
    i.ADC_StructInit                         0x0800161a   Section        0  stm32f4xx_adc.o(i.ADC_StructInit)
    i.BusFault_Handler                       0x0800162e   Section        0  stm32f4xx_it.o(i.BusFault_Handler)
    i.DMA_Cmd                                0x08001632   Section        0  stm32f4xx_dma.o(i.DMA_Cmd)
    i.DMA_Init                               0x08001648   Section        0  stm32f4xx_dma.o(i.DMA_Init)
    i.DebugMon_Handler                       0x080016a0   Section        0  stm32f4xx_it.o(i.DebugMon_Handler)
    i.Debug_USART_Config                     0x080016a4   Section        0  uart.o(i.Debug_USART_Config)
    i.Delay                                  0x0800174c   Section        0  main.o(i.Delay)
    Delay                                    0x0800174d   Thumb Code    20  main.o(i.Delay)
    i.GPIO_Init                              0x08001764   Section        0  stm32f4xx_gpio.o(i.GPIO_Init)
    i.GPIO_PinAFConfig                       0x080017f4   Section        0  stm32f4xx_gpio.o(i.GPIO_PinAFConfig)
    i.HardFault_Handler                      0x0800183a   Section        0  stm32f4xx_it.o(i.HardFault_Handler)
    i.I2C_AcknowledgeConfig                  0x0800183e   Section        0  stm32f4xx_i2c.o(i.I2C_AcknowledgeConfig)
    i.I2C_CheckEvent                         0x08001856   Section        0  stm32f4xx_i2c.o(i.I2C_CheckEvent)
    i.I2C_ClearFlag                          0x08001880   Section        0  stm32f4xx_i2c.o(i.I2C_ClearFlag)
    i.I2C_Cmd                                0x0800188c   Section        0  stm32f4xx_i2c.o(i.I2C_Cmd)
    i.I2C_EE_BufferRead                      0x080018a4   Section        0  i2c_ee.o(i.I2C_EE_BufferRead)
    i.I2C_EE_BufferWrite                     0x08001a5c   Section        0  i2c_ee.o(i.I2C_EE_BufferWrite)
    i.I2C_EE_Init                            0x08001b88   Section        0  i2c_ee.o(i.I2C_EE_Init)
    i.I2C_EE_PageWrite                       0x08001ba0   Section        0  i2c_ee.o(i.I2C_EE_PageWrite)
    i.I2C_EE_WaitEepromStandbyState          0x08001cd4   Section        0  i2c_ee.o(i.I2C_EE_WaitEepromStandbyState)
    i.I2C_GPIO_Config                        0x08001d28   Section        0  i2c_ee.o(i.I2C_GPIO_Config)
    I2C_GPIO_Config                          0x08001d29   Thumb Code    90  i2c_ee.o(i.I2C_GPIO_Config)
    i.I2C_GenerateSTART                      0x08001d88   Section        0  stm32f4xx_i2c.o(i.I2C_GenerateSTART)
    i.I2C_GenerateSTOP                       0x08001da0   Section        0  stm32f4xx_i2c.o(i.I2C_GenerateSTOP)
    i.I2C_GetFlagStatus                      0x08001db8   Section        0  stm32f4xx_i2c.o(i.I2C_GetFlagStatus)
    i.I2C_Init                               0x08001df4   Section        0  stm32f4xx_i2c.o(i.I2C_Init)
    i.I2C_Mode_Configu                       0x08001edc   Section        0  i2c_ee.o(i.I2C_Mode_Configu)
    I2C_Mode_Configu                         0x08001edd   Thumb Code    66  i2c_ee.o(i.I2C_Mode_Configu)
    i.I2C_ReadRegister                       0x08001f28   Section        0  stm32f4xx_i2c.o(i.I2C_ReadRegister)
    i.I2C_ReceiveData                        0x08001f3e   Section        0  stm32f4xx_i2c.o(i.I2C_ReceiveData)
    i.I2C_Send7bitAddress                    0x08001f46   Section        0  stm32f4xx_i2c.o(i.I2C_Send7bitAddress)
    i.I2C_SendData                           0x08001f56   Section        0  stm32f4xx_i2c.o(i.I2C_SendData)
    i.I2C_TIMEOUT_UserCallback               0x08001f5c   Section        0  i2c_ee.o(i.I2C_TIMEOUT_UserCallback)
    I2C_TIMEOUT_UserCallback                 0x08001f5d   Thumb Code    16  i2c_ee.o(i.I2C_TIMEOUT_UserCallback)
    i.I2C_Test                               0x08001f9c   Section        0  main.o(i.I2C_Test)
    i.MemManage_Handler                      0x08002128   Section        0  stm32f4xx_it.o(i.MemManage_Handler)
    i.NMI_Handler                            0x0800212c   Section        0  stm32f4xx_it.o(i.NMI_Handler)
    i.NVIC_Configuration                     0x0800212e   Section        0  uart.o(i.NVIC_Configuration)
    NVIC_Configuration                       0x0800212f   Thumb Code    38  uart.o(i.NVIC_Configuration)
    i.NVIC_Init                              0x08002154   Section        0  misc.o(i.NVIC_Init)
    i.NVIC_PriorityGroupConfig               0x080021cc   Section        0  misc.o(i.NVIC_PriorityGroupConfig)
    i.PWR_BackupAccessCmd                    0x080021e0   Section        0  stm32f4xx_pwr.o(i.PWR_BackupAccessCmd)
    i.PendSV_Handler                         0x080021ec   Section        0  stm32f4xx_it.o(i.PendSV_Handler)
    i.RCC_AHB1PeriphClockCmd                 0x080021f0   Section        0  stm32f4xx_rcc.o(i.RCC_AHB1PeriphClockCmd)
    i.RCC_APB1PeriphClockCmd                 0x08002210   Section        0  stm32f4xx_rcc.o(i.RCC_APB1PeriphClockCmd)
    i.RCC_APB2PeriphClockCmd                 0x08002230   Section        0  stm32f4xx_rcc.o(i.RCC_APB2PeriphClockCmd)
    i.RCC_GetClocksFreq                      0x08002250   Section        0  stm32f4xx_rcc.o(i.RCC_GetClocksFreq)
    i.RCC_GetFlagStatus                      0x08002338   Section        0  stm32f4xx_rcc.o(i.RCC_GetFlagStatus)
    i.RCC_LSICmd                             0x08002378   Section        0  stm32f4xx_rcc.o(i.RCC_LSICmd)
    i.RCC_MCO1Config                         0x08002384   Section        0  stm32f4xx_rcc.o(i.RCC_MCO1Config)
    i.RCC_MCO2Config                         0x080023a0   Section        0  stm32f4xx_rcc.o(i.RCC_MCO2Config)
    i.RCC_RTCCLKCmd                          0x080023bc   Section        0  stm32f4xx_rcc.o(i.RCC_RTCCLKCmd)
    i.RCC_RTCCLKConfig                       0x080023c8   Section        0  stm32f4xx_rcc.o(i.RCC_RTCCLKConfig)
    i.RTC_Bcd2ToByte                         0x08002404   Section        0  stm32f4xx_rtc.o(i.RTC_Bcd2ToByte)
    RTC_Bcd2ToByte                           0x08002405   Thumb Code    22  stm32f4xx_rtc.o(i.RTC_Bcd2ToByte)
    i.RTC_ByteToBcd2                         0x0800241a   Section        0  stm32f4xx_rtc.o(i.RTC_ByteToBcd2)
    RTC_ByteToBcd2                           0x0800241b   Thumb Code    28  stm32f4xx_rtc.o(i.RTC_ByteToBcd2)
    i.RTC_CLK_Config                         0x08002438   Section        0  rtc.o(i.RTC_CLK_Config)
    i.RTC_EnterInitMode                      0x080024a4   Section        0  stm32f4xx_rtc.o(i.RTC_EnterInitMode)
    i.RTC_ExitInitMode                       0x080024f4   Section        0  stm32f4xx_rtc.o(i.RTC_ExitInitMode)
    i.RTC_Init                               0x08002508   Section        0  stm32f4xx_rtc.o(i.RTC_Init)
    i.RTC_ReadBackupRegister                 0x0800256c   Section        0  stm32f4xx_rtc.o(i.RTC_ReadBackupRegister)
    i.RTC_SetDate                            0x0800258c   Section        0  stm32f4xx_rtc.o(i.RTC_SetDate)
    i.RTC_SetTime                            0x08002654   Section        0  stm32f4xx_rtc.o(i.RTC_SetTime)
    i.RTC_TimeAndDate_Set                    0x08002724   Section        0  rtc.o(i.RTC_TimeAndDate_Set)
    i.RTC_WaitForSynchro                     0x0800277c   Section        0  stm32f4xx_rtc.o(i.RTC_WaitForSynchro)
    i.RTC_WriteBackupRegister                0x080027dc   Section        0  stm32f4xx_rtc.o(i.RTC_WriteBackupRegister)
    i.Rheostat_ADC_GPIO_Config               0x080027f8   Section        0  adc.o(i.Rheostat_ADC_GPIO_Config)
    Rheostat_ADC_GPIO_Config                 0x080027f9   Thumb Code    68  adc.o(i.Rheostat_ADC_GPIO_Config)
    i.Rheostat_ADC_Mode_Config               0x08002840   Section        0  adc.o(i.Rheostat_ADC_Mode_Config)
    Rheostat_ADC_Mode_Config                 0x08002841   Thumb Code   238  adc.o(i.Rheostat_ADC_Mode_Config)
    i.Rheostat_Init                          0x08002944   Section        0  adc.o(i.Rheostat_Init)
    i.SVC_Handler                            0x08002950   Section        0  stm32f4xx_it.o(i.SVC_Handler)
    i.SetSysClock                            0x08002954   Section        0  system_stm32f4xx_1.o(i.SetSysClock)
    SetSysClock                              0x08002955   Thumb Code   220  system_stm32f4xx_1.o(i.SetSysClock)
    i.SysTick_Handler                        0x08002a40   Section        0  stm32f4xx_it.o(i.SysTick_Handler)
    i.SystemInit                             0x08002a48   Section        0  system_stm32f4xx_1.o(i.SystemInit)
    i.TIM2_IRQHandler                        0x08002ab0   Section        0  timer.o(i.TIM2_IRQHandler)
    i.TIM_ClearFlag                          0x08002b34   Section        0  stm32f4xx_tim.o(i.TIM_ClearFlag)
    i.TIM_ClearITPendingBit                  0x08002b3a   Section        0  stm32f4xx_tim.o(i.TIM_ClearITPendingBit)
    i.TIM_Cmd                                0x08002b40   Section        0  stm32f4xx_tim.o(i.TIM_Cmd)
    i.TIM_GetITStatus                        0x08002b58   Section        0  stm32f4xx_tim.o(i.TIM_GetITStatus)
    i.TIM_ITConfig                           0x08002b7a   Section        0  stm32f4xx_tim.o(i.TIM_ITConfig)
    i.TIM_Mode_Config                        0x08002b8c   Section        0  timer.o(i.TIM_Mode_Config)
    TIM_Mode_Config                          0x08002b8d   Thumb Code    72  timer.o(i.TIM_Mode_Config)
    i.TIM_TimeBaseInit                       0x08002bd4   Section        0  stm32f4xx_tim.o(i.TIM_TimeBaseInit)
    i.TIMx_Configuration                     0x08002c58   Section        0  timer.o(i.TIMx_Configuration)
    i.TIMx_NVIC_Configuration                0x08002c64   Section        0  timer.o(i.TIMx_NVIC_Configuration)
    TIMx_NVIC_Configuration                  0x08002c65   Thumb Code    42  timer.o(i.TIMx_NVIC_Configuration)
    i.Task1                                  0x08002c90   Section        0  task.o(i.Task1)
    i.Task2                                  0x08002cb8   Section        0  task.o(i.Task2)
    i.Task3                                  0x08002ce0   Section        0  task.o(i.Task3)
    i.Task4                                  0x08002d10   Section        0  task.o(i.Task4)
    i.TimingDelay_Decrement                  0x08002e84   Section        0  main.o(i.TimingDelay_Decrement)
    i.USART1_IRQHandler                      0x08002e9c   Section        0  stm32f4xx_it.o(i.USART1_IRQHandler)
    i.USART_ClearITPendingBit                0x08002ecc   Section        0  stm32f4xx_usart.o(i.USART_ClearITPendingBit)
    i.USART_Cmd                              0x08002eea   Section        0  stm32f4xx_usart.o(i.USART_Cmd)
    i.USART_GetFlagStatus                    0x08002f02   Section        0  stm32f4xx_usart.o(i.USART_GetFlagStatus)
    i.USART_GetITStatus                      0x08002f1c   Section        0  stm32f4xx_usart.o(i.USART_GetITStatus)
    i.USART_ITConfig                         0x08002f70   Section        0  stm32f4xx_usart.o(i.USART_ITConfig)
    i.USART_Init                             0x08002fbc   Section        0  stm32f4xx_usart.o(i.USART_Init)
    i.USART_ReceiveData                      0x08003090   Section        0  stm32f4xx_usart.o(i.USART_ReceiveData)
    i.USART_SendData                         0x0800309a   Section        0  stm32f4xx_usart.o(i.USART_SendData)
    i.UsageFault_Handler                     0x080030a2   Section        0  stm32f4xx_it.o(i.UsageFault_Handler)
    i.Usart_SendByte                         0x080030a6   Section        0  uart.o(i.Usart_SendByte)
    i.Usart_SendString                       0x080030c4   Section        0  uart.o(i.Usart_SendString)
    i.__ARM_fpclassify                       0x080030ee   Section        0  fpclassify.o(i.__ARM_fpclassify)
    i._is_digit                              0x0800311e   Section        0  __printf_wp.o(i._is_digit)
    i._sys_exit                              0x0800312c   Section        0  main.o(i._sys_exit)
    i.fputc                                  0x08003130   Section        0  main.o(i.fputc)
    i.main                                   0x0800314c   Section        0  main.o(i.main)
    locale$$code                             0x08003380   Section       44  lc_numeric_c.o(locale$$code)
    x$fpl$d2f                                0x080033ac   Section       98  d2f.o(x$fpl$d2f)
    $v0                                      0x080033ac   Number         0  d2f.o(x$fpl$d2f)
    x$fpl$ddiv                               0x08003410   Section      688  ddiv.o(x$fpl$ddiv)
    $v0                                      0x08003410   Number         0  ddiv.o(x$fpl$ddiv)
    ddiv_entry                               0x08003417   Thumb Code     0  ddiv.o(x$fpl$ddiv)
    x$fpl$dfltu                              0x080036c0   Section       38  dflt_clz.o(x$fpl$dfltu)
    $v0                                      0x080036c0   Number         0  dflt_clz.o(x$fpl$dfltu)
    x$fpl$dmul                               0x080036e8   Section      340  dmul.o(x$fpl$dmul)
    $v0                                      0x080036e8   Number         0  dmul.o(x$fpl$dmul)
    x$fpl$dnaninf                            0x0800383c   Section      156  dnaninf.o(x$fpl$dnaninf)
    $v0                                      0x0800383c   Number         0  dnaninf.o(x$fpl$dnaninf)
    x$fpl$dretinf                            0x080038d8   Section       12  dretinf.o(x$fpl$dretinf)
    $v0                                      0x080038d8   Number         0  dretinf.o(x$fpl$dretinf)
    x$fpl$f2d                                0x080038e4   Section       86  f2d.o(x$fpl$f2d)
    $v0                                      0x080038e4   Number         0  f2d.o(x$fpl$f2d)
    x$fpl$fnaninf                            0x0800393a   Section      140  fnaninf.o(x$fpl$fnaninf)
    $v0                                      0x0800393a   Number         0  fnaninf.o(x$fpl$fnaninf)
    x$fpl$fpinit                             0x080039c6   Section       10  fpinit.o(x$fpl$fpinit)
    $v0                                      0x080039c6   Number         0  fpinit.o(x$fpl$fpinit)
    x$fpl$fretinf                            0x080039d0   Section       10  fretinf.o(x$fpl$fretinf)
    $v0                                      0x080039d0   Number         0  fretinf.o(x$fpl$fretinf)
    x$fpl$printf1                            0x080039da   Section        4  printf1.o(x$fpl$printf1)
    $v0                                      0x080039da   Number         0  printf1.o(x$fpl$printf1)
    .constdata                               0x080039de   Section       40  _printf_hex_int.o(.constdata)
    x$fpl$usenofp                            0x080039de   Section        0  usenofp.o(x$fpl$usenofp)
    uc_hextab                                0x080039de   Data          20  _printf_hex_int.o(.constdata)
    lc_hextab                                0x080039f2   Data          20  _printf_hex_int.o(.constdata)
    .constdata                               0x08003a06   Section       17  __printf_flags_wp.o(.constdata)
    maptable                                 0x08003a06   Data          17  __printf_flags_wp.o(.constdata)
    .constdata                               0x08003a18   Section      148  bigflt0.o(.constdata)
    tenpwrs_x                                0x08003a18   Data          60  bigflt0.o(.constdata)
    tenpwrs_i                                0x08003a54   Data          64  bigflt0.o(.constdata)
    locale$$data                             0x08003acc   Section       28  lc_numeric_c.o(locale$$data)
    __lcnum_c_name                           0x08003ad0   Data           2  lc_numeric_c.o(locale$$data)
    __lcnum_c_start                          0x08003ad8   Data           0  lc_numeric_c.o(locale$$data)
    __lcnum_c_point                          0x08003ae4   Data           0  lc_numeric_c.o(locale$$data)
    __lcnum_c_thousands                      0x08003ae6   Data           0  lc_numeric_c.o(locale$$data)
    __lcnum_c_grouping                       0x08003ae7   Data           0  lc_numeric_c.o(locale$$data)
    __lcnum_c_end                            0x08003ae8   Data           0  lc_numeric_c.o(locale$$data)
    .data                                    0x20000000   Section       16  stm32f4xx_rcc.o(.data)
    APBAHBPrescTable                         0x20000000   Data          16  stm32f4xx_rcc.o(.data)
    .data                                    0x20000010   Section        8  main.o(.data)
    uwTimingDelay                            0x20000010   Data           4  main.o(.data)
    .data                                    0x20000018   Section       60  task.o(.data)
    .data                                    0x20000054   Section        4  adc.o(.data)
    .data                                    0x20000058   Section        8  i2c_ee.o(.data)
    I2CTimeout                               0x2000005c   Data           4  i2c_ee.o(.data)
    .bss                                     0x20000060   Section      528  main.o(.bss)
    .bss                                     0x20000270   Section       96  libspace.o(.bss)
    HEAP                                     0x200002d0   Section      512  startup_stm32f40_41xxx.o(HEAP)
    Heap_Mem                                 0x200002d0   Data         512  startup_stm32f40_41xxx.o(HEAP)
    STACK                                    0x200004d0   Section     1024  startup_stm32f40_41xxx.o(STACK)
    Stack_Mem                                0x200004d0   Data        1024  startup_stm32f40_41xxx.o(STACK)
    __initial_sp                             0x200008d0   Data           0  startup_stm32f40_41xxx.o(STACK)

    Global Symbols

    Symbol Name                              Value     Ov Type        Size  Object(Section)

    BuildAttributes$$THM_ISAv4$E$P$D$K$B$S$7EM$VFPi3$EXTD16$VFPS$VFMA$PE$A:L22UL41UL21$X:L11$S22US41US21$IEEE1$IW$USESV6$~STKCKD$USESV7$~SHL$OTIME$ROPI$IEEEJ$EBA8$UX$STANDARDLIB$REQ8$PRES8$EABIv2 0x00000000   Number         0  anon$$obj.o ABSOLUTE
    __ARM_use_no_argv                        0x00000000   Number         0  main.o ABSOLUTE
    _printf_flags                            0x00000000   Number         0  printf_stubs.o ABSOLUTE
    _printf_return_value                     0x00000000   Number         0  printf_stubs.o ABSOLUTE
    _printf_sizespec                         0x00000000   Number         0  printf_stubs.o ABSOLUTE
    _printf_widthprec                        0x00000000   Number         0  printf_stubs.o ABSOLUTE
    __ARM_exceptions_init                     - Undefined Weak Reference
    __alloca_initialize                       - Undefined Weak Reference
    __arm_preinit_                            - Undefined Weak Reference
    __cpp_initialize__aeabi_                  - Undefined Weak Reference
    __cxa_finalize                            - Undefined Weak Reference
    __sigvec_lookup                           - Undefined Weak Reference
    _atexit_init                              - Undefined Weak Reference
    _call_atexit_fns                          - Undefined Weak Reference
    _clock_init                               - Undefined Weak Reference
    _fp_trap_init                             - Undefined Weak Reference
    _fp_trap_shutdown                         - Undefined Weak Reference
    _get_lc_collate                           - Undefined Weak Reference
    _get_lc_ctype                             - Undefined Weak Reference
    _get_lc_monetary                          - Undefined Weak Reference
    _get_lc_time                              - Undefined Weak Reference
    _getenv_init                              - Undefined Weak Reference
    _handle_redirection                       - Undefined Weak Reference
    _init_alloc                               - Undefined Weak Reference
    _init_user_alloc                          - Undefined Weak Reference
    _initio                                   - Undefined Weak Reference
    _mutex_acquire                            - Undefined Weak Reference
    _mutex_release                            - Undefined Weak Reference
    _printf_mbtowc                            - Undefined Weak Reference
    _printf_truncate_signed                   - Undefined Weak Reference
    _printf_truncate_unsigned                 - Undefined Weak Reference
    _rand_init                                - Undefined Weak Reference
    _signal_finish                            - Undefined Weak Reference
    _signal_init                              - Undefined Weak Reference
    _terminate_alloc                          - Undefined Weak Reference
    _terminate_user_alloc                     - Undefined Weak Reference
    _terminateio                              - Undefined Weak Reference
    __Vectors_Size                           0x00000188   Number         0  startup_stm32f40_41xxx.o ABSOLUTE
    __Vectors                                0x08000000   Data           4  startup_stm32f40_41xxx.o(RESET)
    __Vectors_End                            0x08000188   Data           0  startup_stm32f40_41xxx.o(RESET)
    __main                                   0x08000189   Thumb Code     8  __main.o(!!!main)
    __scatterload                            0x08000191   Thumb Code     0  __scatter.o(!!!scatter)
    __scatterload_rt2                        0x08000191   Thumb Code    44  __scatter.o(!!!scatter)
    __scatterload_rt2_thumb_only             0x08000191   Thumb Code     0  __scatter.o(!!!scatter)
    __scatterload_null                       0x0800019f   Thumb Code     0  __scatter.o(!!!scatter)
    __scatterload_copy                       0x080001c5   Thumb Code    26  __scatter_copy.o(!!handler_copy)
    __scatterload_zeroinit                   0x080001e1   Thumb Code    28  __scatter_zi.o(!!handler_zi)
    _printf_f                                0x080001fd   Thumb Code     0  _printf_f.o(.ARM.Collect$$_printf_percent$$00000003)
    _printf_percent                          0x080001fd   Thumb Code     0  _printf_percent.o(.ARM.Collect$$_printf_percent$$00000000)
    _printf_d                                0x08000203   Thumb Code     0  _printf_d.o(.ARM.Collect$$_printf_percent$$00000009)
    _printf_x                                0x08000209   Thumb Code     0  _printf_x.o(.ARM.Collect$$_printf_percent$$0000000C)
    _printf_percent_end                      0x0800020f   Thumb Code     0  _printf_percent_end.o(.ARM.Collect$$_printf_percent$$00000017)
    __rt_lib_init                            0x08000213   Thumb Code     0  libinit.o(.ARM.Collect$$libinit$$00000000)
    __rt_lib_init_fp_1                       0x08000215   Thumb Code     0  libinit2.o(.ARM.Collect$$libinit$$00000001)
    __rt_lib_init_heap_1                     0x08000219   Thumb Code     0  libinit2.o(.ARM.Collect$$libinit$$0000000A)
    __rt_lib_init_lc_common                  0x08000219   Thumb Code     0  libinit2.o(.ARM.Collect$$libinit$$0000000F)
    __rt_lib_init_preinit_1                  0x08000219   Thumb Code     0  libinit2.o(.ARM.Collect$$libinit$$00000004)
    __rt_lib_init_rand_1                     0x08000219   Thumb Code     0  libinit2.o(.ARM.Collect$$libinit$$0000000E)
    __rt_lib_init_user_alloc_1               0x08000219   Thumb Code     0  libinit2.o(.ARM.Collect$$libinit$$0000000C)
    __rt_lib_init_lc_collate_1               0x0800021f   Thumb Code     0  libinit2.o(.ARM.Collect$$libinit$$00000011)
    __rt_lib_init_lc_ctype_1                 0x0800021f   Thumb Code     0  libinit2.o(.ARM.Collect$$libinit$$00000013)
    __rt_lib_init_lc_monetary_1              0x0800021f   Thumb Code     0  libinit2.o(.ARM.Collect$$libinit$$00000015)
    __rt_lib_init_lc_numeric_2               0x0800021f   Thumb Code     0  libinit2.o(.ARM.Collect$$libinit$$00000016)
    __rt_lib_init_alloca_1                   0x08000229   Thumb Code     0  libinit2.o(.ARM.Collect$$libinit$$0000002E)
    __rt_lib_init_argv_1                     0x08000229   Thumb Code     0  libinit2.o(.ARM.Collect$$libinit$$0000002C)
    __rt_lib_init_atexit_1                   0x08000229   Thumb Code     0  libinit2.o(.ARM.Collect$$libinit$$0000001B)
    __rt_lib_init_clock_1                    0x08000229   Thumb Code     0  libinit2.o(.ARM.Collect$$libinit$$00000021)
    __rt_lib_init_cpp_1                      0x08000229   Thumb Code     0  libinit2.o(.ARM.Collect$$libinit$$00000032)
    __rt_lib_init_exceptions_1               0x08000229   Thumb Code     0  libinit2.o(.ARM.Collect$$libinit$$00000030)
    __rt_lib_init_fp_trap_1                  0x08000229   Thumb Code     0  libinit2.o(.ARM.Collect$$libinit$$0000001F)
    __rt_lib_init_getenv_1                   0x08000229   Thumb Code     0  libinit2.o(.ARM.Collect$$libinit$$00000023)
    __rt_lib_init_lc_numeric_1               0x08000229   Thumb Code     0  libinit2.o(.ARM.Collect$$libinit$$00000017)
    __rt_lib_init_lc_time_1                  0x08000229   Thumb Code     0  libinit2.o(.ARM.Collect$$libinit$$00000019)
    __rt_lib_init_return                     0x08000229   Thumb Code     0  libinit2.o(.ARM.Collect$$libinit$$00000033)
    __rt_lib_init_signal_1                   0x08000229   Thumb Code     0  libinit2.o(.ARM.Collect$$libinit$$0000001D)
    __rt_lib_init_stdio_1                    0x08000229   Thumb Code     0  libinit2.o(.ARM.Collect$$libinit$$00000025)
    __rt_lib_shutdown                        0x0800022b   Thumb Code     0  libshutdown.o(.ARM.Collect$$libshutdown$$00000000)
    __rt_lib_shutdown_cpp_1                  0x0800022d   Thumb Code     0  libshutdown2.o(.ARM.Collect$$libshutdown$$00000002)
    __rt_lib_shutdown_fp_trap_1              0x0800022d   Thumb Code     0  libshutdown2.o(.ARM.Collect$$libshutdown$$00000007)
    __rt_lib_shutdown_heap_1                 0x0800022d   Thumb Code     0  libshutdown2.o(.ARM.Collect$$libshutdown$$0000000F)
    __rt_lib_shutdown_return                 0x0800022d   Thumb Code     0  libshutdown2.o(.ARM.Collect$$libshutdown$$00000010)
    __rt_lib_shutdown_signal_1               0x0800022d   Thumb Code     0  libshutdown2.o(.ARM.Collect$$libshutdown$$0000000A)
    __rt_lib_shutdown_stdio_1                0x0800022d   Thumb Code     0  libshutdown2.o(.ARM.Collect$$libshutdown$$00000004)
    __rt_lib_shutdown_user_alloc_1           0x0800022d   Thumb Code     0  libshutdown2.o(.ARM.Collect$$libshutdown$$0000000C)
    __rt_entry                               0x0800022f   Thumb Code     0  __rtentry.o(.ARM.Collect$$rtentry$$00000000)
    __rt_entry_presh_1                       0x0800022f   Thumb Code     0  __rtentry2.o(.ARM.Collect$$rtentry$$00000002)
    __rt_entry_sh                            0x0800022f   Thumb Code     0  __rtentry4.o(.ARM.Collect$$rtentry$$00000004)
    __rt_entry_li                            0x08000235   Thumb Code     0  __rtentry2.o(.ARM.Collect$$rtentry$$0000000A)
    __rt_entry_postsh_1                      0x08000235   Thumb Code     0  __rtentry2.o(.ARM.Collect$$rtentry$$00000009)
    __rt_entry_main                          0x08000239   Thumb Code     0  __rtentry2.o(.ARM.Collect$$rtentry$$0000000D)
    __rt_entry_postli_1                      0x08000239   Thumb Code     0  __rtentry2.o(.ARM.Collect$$rtentry$$0000000C)
    __rt_exit                                0x08000241   Thumb Code     0  rtexit.o(.ARM.Collect$$rtexit$$00000000)
    __rt_exit_ls                             0x08000243   Thumb Code     0  rtexit2.o(.ARM.Collect$$rtexit$$00000003)
    __rt_exit_prels_1                        0x08000243   Thumb Code     0  rtexit2.o(.ARM.Collect$$rtexit$$00000002)
    __rt_exit_exit                           0x08000247   Thumb Code     0  rtexit2.o(.ARM.Collect$$rtexit$$00000004)
    Reset_Handler                            0x0800024d   Thumb Code     8  startup_stm32f40_41xxx.o(.text)
    ADC_IRQHandler                           0x08000267   Thumb Code     0  startup_stm32f40_41xxx.o(.text)
    CAN1_RX0_IRQHandler                      0x08000267   Thumb Code     0  startup_stm32f40_41xxx.o(.text)
    CAN1_RX1_IRQHandler                      0x08000267   Thumb Code     0  startup_stm32f40_41xxx.o(.text)
    CAN1_SCE_IRQHandler                      0x08000267   Thumb Code     0  startup_stm32f40_41xxx.o(.text)
    CAN1_TX_IRQHandler                       0x08000267   Thumb Code     0  startup_stm32f40_41xxx.o(.text)
    CAN2_RX0_IRQHandler                      0x08000267   Thumb Code     0  startup_stm32f40_41xxx.o(.text)
    CAN2_RX1_IRQHandler                      0x08000267   Thumb Code     0  startup_stm32f40_41xxx.o(.text)
    CAN2_SCE_IRQHandler                      0x08000267   Thumb Code     0  startup_stm32f40_41xxx.o(.text)
    CAN2_TX_IRQHandler                       0x08000267   Thumb Code     0  startup_stm32f40_41xxx.o(.text)
    CRYP_IRQHandler                          0x08000267   Thumb Code     0  startup_stm32f40_41xxx.o(.text)
    DCMI_IRQHandler                          0x08000267   Thumb Code     0  startup_stm32f40_41xxx.o(.text)
    DMA1_Stream0_IRQHandler                  0x08000267   Thumb Code     0  startup_stm32f40_41xxx.o(.text)
    DMA1_Stream1_IRQHandler                  0x08000267   Thumb Code     0  startup_stm32f40_41xxx.o(.text)
    DMA1_Stream2_IRQHandler                  0x08000267   Thumb Code     0  startup_stm32f40_41xxx.o(.text)
    DMA1_Stream3_IRQHandler                  0x08000267   Thumb Code     0  startup_stm32f40_41xxx.o(.text)
    DMA1_Stream4_IRQHandler                  0x08000267   Thumb Code     0  startup_stm32f40_41xxx.o(.text)
    DMA1_Stream5_IRQHandler                  0x08000267   Thumb Code     0  startup_stm32f40_41xxx.o(.text)
    DMA1_Stream6_IRQHandler                  0x08000267   Thumb Code     0  startup_stm32f40_41xxx.o(.text)
    DMA1_Stream7_IRQHandler                  0x08000267   Thumb Code     0  startup_stm32f40_41xxx.o(.text)
    DMA2_Stream0_IRQHandler                  0x08000267   Thumb Code     0  startup_stm32f40_41xxx.o(.text)
    DMA2_Stream1_IRQHandler                  0x08000267   Thumb Code     0  startup_stm32f40_41xxx.o(.text)
    DMA2_Stream2_IRQHandler                  0x08000267   Thumb Code     0  startup_stm32f40_41xxx.o(.text)
    DMA2_Stream3_IRQHandler                  0x08000267   Thumb Code     0  startup_stm32f40_41xxx.o(.text)
    DMA2_Stream4_IRQHandler                  0x08000267   Thumb Code     0  startup_stm32f40_41xxx.o(.text)
    DMA2_Stream5_IRQHandler                  0x08000267   Thumb Code     0  startup_stm32f40_41xxx.o(.text)
    DMA2_Stream6_IRQHandler                  0x08000267   Thumb Code     0  startup_stm32f40_41xxx.o(.text)
    DMA2_Stream7_IRQHandler                  0x08000267   Thumb Code     0  startup_stm32f40_41xxx.o(.text)
    ETH_IRQHandler                           0x08000267   Thumb Code     0  startup_stm32f40_41xxx.o(.text)
    ETH_WKUP_IRQHandler                      0x08000267   Thumb Code     0  startup_stm32f40_41xxx.o(.text)
    EXTI0_IRQHandler                         0x08000267   Thumb Code     0  startup_stm32f40_41xxx.o(.text)
    EXTI15_10_IRQHandler                     0x08000267   Thumb Code     0  startup_stm32f40_41xxx.o(.text)
    EXTI1_IRQHandler                         0x08000267   Thumb Code     0  startup_stm32f40_41xxx.o(.text)
    EXTI2_IRQHandler                         0x08000267   Thumb Code     0  startup_stm32f40_41xxx.o(.text)
    EXTI3_IRQHandler                         0x08000267   Thumb Code     0  startup_stm32f40_41xxx.o(.text)
    EXTI4_IRQHandler                         0x08000267   Thumb Code     0  startup_stm32f40_41xxx.o(.text)
    EXTI9_5_IRQHandler                       0x08000267   Thumb Code     0  startup_stm32f40_41xxx.o(.text)
    FLASH_IRQHandler                         0x08000267   Thumb Code     0  startup_stm32f40_41xxx.o(.text)
    FPU_IRQHandler                           0x08000267   Thumb Code     0  startup_stm32f40_41xxx.o(.text)
    FSMC_IRQHandler                          0x08000267   Thumb Code     0  startup_stm32f40_41xxx.o(.text)
    HASH_RNG_IRQHandler                      0x08000267   Thumb Code     0  startup_stm32f40_41xxx.o(.text)
    I2C1_ER_IRQHandler                       0x08000267   Thumb Code     0  startup_stm32f40_41xxx.o(.text)
    I2C1_EV_IRQHandler                       0x08000267   Thumb Code     0  startup_stm32f40_41xxx.o(.text)
    I2C2_ER_IRQHandler                       0x08000267   Thumb Code     0  startup_stm32f40_41xxx.o(.text)
    I2C2_EV_IRQHandler                       0x08000267   Thumb Code     0  startup_stm32f40_41xxx.o(.text)
    I2C3_ER_IRQHandler                       0x08000267   Thumb Code     0  startup_stm32f40_41xxx.o(.text)
    I2C3_EV_IRQHandler                       0x08000267   Thumb Code     0  startup_stm32f40_41xxx.o(.text)
    OTG_FS_IRQHandler                        0x08000267   Thumb Code     0  startup_stm32f40_41xxx.o(.text)
    OTG_FS_WKUP_IRQHandler                   0x08000267   Thumb Code     0  startup_stm32f40_41xxx.o(.text)
    OTG_HS_EP1_IN_IRQHandler                 0x08000267   Thumb Code     0  startup_stm32f40_41xxx.o(.text)
    OTG_HS_EP1_OUT_IRQHandler                0x08000267   Thumb Code     0  startup_stm32f40_41xxx.o(.text)
    OTG_HS_IRQHandler                        0x08000267   Thumb Code     0  startup_stm32f40_41xxx.o(.text)
    OTG_HS_WKUP_IRQHandler                   0x08000267   Thumb Code     0  startup_stm32f40_41xxx.o(.text)
    PVD_IRQHandler                           0x08000267   Thumb Code     0  startup_stm32f40_41xxx.o(.text)
    RCC_IRQHandler                           0x08000267   Thumb Code     0  startup_stm32f40_41xxx.o(.text)
    RTC_Alarm_IRQHandler                     0x08000267   Thumb Code     0  startup_stm32f40_41xxx.o(.text)
    RTC_WKUP_IRQHandler                      0x08000267   Thumb Code     0  startup_stm32f40_41xxx.o(.text)
    SDIO_IRQHandler                          0x08000267   Thumb Code     0  startup_stm32f40_41xxx.o(.text)
    SPI1_IRQHandler                          0x08000267   Thumb Code     0  startup_stm32f40_41xxx.o(.text)
    SPI2_IRQHandler                          0x08000267   Thumb Code     0  startup_stm32f40_41xxx.o(.text)
    SPI3_IRQHandler                          0x08000267   Thumb Code     0  startup_stm32f40_41xxx.o(.text)
    TAMP_STAMP_IRQHandler                    0x08000267   Thumb Code     0  startup_stm32f40_41xxx.o(.text)
    TIM1_BRK_TIM9_IRQHandler                 0x08000267   Thumb Code     0  startup_stm32f40_41xxx.o(.text)
    TIM1_CC_IRQHandler                       0x08000267   Thumb Code     0  startup_stm32f40_41xxx.o(.text)
    TIM1_TRG_COM_TIM11_IRQHandler            0x08000267   Thumb Code     0  startup_stm32f40_41xxx.o(.text)
    TIM1_UP_TIM10_IRQHandler                 0x08000267   Thumb Code     0  startup_stm32f40_41xxx.o(.text)
    TIM3_IRQHandler                          0x08000267   Thumb Code     0  startup_stm32f40_41xxx.o(.text)
    TIM4_IRQHandler                          0x08000267   Thumb Code     0  startup_stm32f40_41xxx.o(.text)
    TIM5_IRQHandler                          0x08000267   Thumb Code     0  startup_stm32f40_41xxx.o(.text)
    TIM6_DAC_IRQHandler                      0x08000267   Thumb Code     0  startup_stm32f40_41xxx.o(.text)
    TIM7_IRQHandler                          0x08000267   Thumb Code     0  startup_stm32f40_41xxx.o(.text)
    TIM8_BRK_TIM12_IRQHandler                0x08000267   Thumb Code     0  startup_stm32f40_41xxx.o(.text)
    TIM8_CC_IRQHandler                       0x08000267   Thumb Code     0  startup_stm32f40_41xxx.o(.text)
    TIM8_TRG_COM_TIM14_IRQHandler            0x08000267   Thumb Code     0  startup_stm32f40_41xxx.o(.text)
    TIM8_UP_TIM13_IRQHandler                 0x08000267   Thumb Code     0  startup_stm32f40_41xxx.o(.text)
    UART4_IRQHandler                         0x08000267   Thumb Code     0  startup_stm32f40_41xxx.o(.text)
    UART5_IRQHandler                         0x08000267   Thumb Code     0  startup_stm32f40_41xxx.o(.text)
    USART2_IRQHandler                        0x08000267   Thumb Code     0  startup_stm32f40_41xxx.o(.text)
    USART3_IRQHandler                        0x08000267   Thumb Code     0  startup_stm32f40_41xxx.o(.text)
    USART6_IRQHandler                        0x08000267   Thumb Code     0  startup_stm32f40_41xxx.o(.text)
    WWDG_IRQHandler                          0x08000267   Thumb Code     0  startup_stm32f40_41xxx.o(.text)
    __user_initial_stackheap                 0x08000269   Thumb Code     0  startup_stm32f40_41xxx.o(.text)
    __use_no_semihosting                     0x0800028d   Thumb Code     2  use_no_semi_2.o(.text)
    __2printf                                0x08000291   Thumb Code    20  noretval__2printf.o(.text)
    _printf_pre_padding                      0x080002a9   Thumb Code    44  _printf_pad.o(.text)
    _printf_post_padding                     0x080002d5   Thumb Code    34  _printf_pad.o(.text)
    _printf_int_dec                          0x080002f9   Thumb Code   104  _printf_dec.o(.text)
    _printf_int_hex                          0x08000371   Thumb Code    84  _printf_hex_int.o(.text)
    _printf_longlong_hex                     0x08000371   Thumb Code     0  _printf_hex_int.o(.text)
    __printf                                 0x080003c9   Thumb Code   308  __printf_flags_wp.o(.text)
    __use_two_region_memory                  0x08000501   Thumb Code     2  heapauxi.o(.text)
    __rt_heap_escrow$2region                 0x08000503   Thumb Code     2  heapauxi.o(.text)
    __rt_heap_expand$2region                 0x08000505   Thumb Code     2  heapauxi.o(.text)
    __I$use$semihosting                      0x08000507   Thumb Code     0  use_no_semi.o(.text)
    __use_no_semihosting_swi                 0x08000507   Thumb Code     2  use_no_semi.o(.text)
    _printf_int_common                       0x08000509   Thumb Code   178  _printf_intcommon.o(.text)
    __lib_sel_fp_printf                      0x080005bb   Thumb Code     2  _printf_fp_dec.o(.text)
    _printf_fp_dec_real                      0x08000769   Thumb Code   620  _printf_fp_dec.o(.text)
    _printf_char_common                      0x080009df   Thumb Code    32  _printf_char_common.o(.text)
    _printf_char_file                        0x08000a05   Thumb Code    32  _printf_char_file.o(.text)
    __rt_locale                              0x08000a29   Thumb Code     8  rt_locale_intlibspace.o(.text)
    _ll_udiv10                               0x08000a31   Thumb Code   138  lludiv10.o(.text)
    _printf_fp_infnan                        0x08000abd   Thumb Code   112  _printf_fp_infnan.o(.text)
    _btod_etento                             0x08000b3d   Thumb Code   216  bigflt0.o(.text)
    ferror                                   0x08000c19   Thumb Code     8  ferror.o(.text)
    __user_libspace                          0x08000c21   Thumb Code     8  libspace.o(.text)
    __user_perproc_libspace                  0x08000c21   Thumb Code     0  libspace.o(.text)
    __user_perthread_libspace                0x08000c21   Thumb Code     0  libspace.o(.text)
    __user_setup_stackheap                   0x08000c29   Thumb Code    74  sys_stackheap_outer.o(.text)
    exit                                     0x08000c73   Thumb Code    18  exit.o(.text)
    strcmp                                   0x08000c85   Thumb Code   128  strcmpv7m.o(.text)
    _btod_d2e                                0x08000d05   Thumb Code    62  btod.o(CL$$btod_d2e)
    _d2e_denorm_low                          0x08000d43   Thumb Code    70  btod.o(CL$$btod_d2e_denorm_low)
    _d2e_norm_op1                            0x08000d89   Thumb Code    96  btod.o(CL$$btod_d2e_norm_op1)
    __btod_div_common                        0x08000de9   Thumb Code   696  btod.o(CL$$btod_div_common)
    _e2e                                     0x08001121   Thumb Code   198  btod.o(CL$$btod_e2e)
    _btod_ediv                               0x080011e7   Thumb Code    40  btod.o(CL$$btod_ediv)
    _btod_emul                               0x0800120f   Thumb Code    40  btod.o(CL$$btod_emul)
    __btod_mult_common                       0x08001237   Thumb Code   580  btod.o(CL$$btod_mult_common)
    ADC_Cmd                                  0x0800147b   Thumb Code    22  stm32f4xx_adc.o(i.ADC_Cmd)
    ADC_CommonInit                           0x08001491   Thumb Code    34  stm32f4xx_adc.o(i.ADC_CommonInit)
    ADC_DMACmd                               0x080014c1   Thumb Code    22  stm32f4xx_adc.o(i.ADC_DMACmd)
    ADC_Init                                 0x080014d9   Thumb Code    74  stm32f4xx_adc.o(i.ADC_Init)
    ADC_MultiModeDMARequestAfterLastTransferCmd 0x0800152d   Thumb Code    34  stm32f4xx_adc.o(i.ADC_MultiModeDMARequestAfterLastTransferCmd)
    ADC_RegularChannelConfig                 0x08001559   Thumb Code   184  stm32f4xx_adc.o(i.ADC_RegularChannelConfig)
    ADC_SoftwareStartConv                    0x08001611   Thumb Code    10  stm32f4xx_adc.o(i.ADC_SoftwareStartConv)
    ADC_StructInit                           0x0800161b   Thumb Code    20  stm32f4xx_adc.o(i.ADC_StructInit)
    BusFault_Handler                         0x0800162f   Thumb Code     4  stm32f4xx_it.o(i.BusFault_Handler)
    DMA_Cmd                                  0x08001633   Thumb Code    22  stm32f4xx_dma.o(i.DMA_Cmd)
    DMA_Init                                 0x08001649   Thumb Code    82  stm32f4xx_dma.o(i.DMA_Init)
    DebugMon_Handler                         0x080016a1   Thumb Code     2  stm32f4xx_it.o(i.DebugMon_Handler)
    Debug_USART_Config                       0x080016a5   Thumb Code   158  uart.o(i.Debug_USART_Config)
    GPIO_Init                                0x08001765   Thumb Code   144  stm32f4xx_gpio.o(i.GPIO_Init)
    GPIO_PinAFConfig                         0x080017f5   Thumb Code    70  stm32f4xx_gpio.o(i.GPIO_PinAFConfig)
    HardFault_Handler                        0x0800183b   Thumb Code     4  stm32f4xx_it.o(i.HardFault_Handler)
    I2C_AcknowledgeConfig                    0x0800183f   Thumb Code    24  stm32f4xx_i2c.o(i.I2C_AcknowledgeConfig)
    I2C_CheckEvent                           0x08001857   Thumb Code    42  stm32f4xx_i2c.o(i.I2C_CheckEvent)
    I2C_ClearFlag                            0x08001881   Thumb Code    12  stm32f4xx_i2c.o(i.I2C_ClearFlag)
    I2C_Cmd                                  0x0800188d   Thumb Code    24  stm32f4xx_i2c.o(i.I2C_Cmd)
    I2C_EE_BufferRead                        0x080018a5   Thumb Code   418  i2c_ee.o(i.I2C_EE_BufferRead)
    I2C_EE_BufferWrite                       0x08001a5d   Thumb Code   298  i2c_ee.o(i.I2C_EE_BufferWrite)
    I2C_EE_Init                              0x08001b89   Thumb Code    18  i2c_ee.o(i.I2C_EE_Init)
    I2C_EE_PageWrite                         0x08001ba1   Thumb Code   286  i2c_ee.o(i.I2C_EE_PageWrite)
    I2C_EE_WaitEepromStandbyState            0x08001cd5   Thumb Code    72  i2c_ee.o(i.I2C_EE_WaitEepromStandbyState)
    I2C_GenerateSTART                        0x08001d89   Thumb Code    24  stm32f4xx_i2c.o(i.I2C_GenerateSTART)
    I2C_GenerateSTOP                         0x08001da1   Thumb Code    24  stm32f4xx_i2c.o(i.I2C_GenerateSTOP)
    I2C_GetFlagStatus                        0x08001db9   Thumb Code    58  stm32f4xx_i2c.o(i.I2C_GetFlagStatus)
    I2C_Init                                 0x08001df5   Thumb Code   218  stm32f4xx_i2c.o(i.I2C_Init)
    I2C_ReadRegister                         0x08001f29   Thumb Code    22  stm32f4xx_i2c.o(i.I2C_ReadRegister)
    I2C_ReceiveData                          0x08001f3f   Thumb Code     8  stm32f4xx_i2c.o(i.I2C_ReceiveData)
    I2C_Send7bitAddress                      0x08001f47   Thumb Code    16  stm32f4xx_i2c.o(i.I2C_Send7bitAddress)
    I2C_SendData                             0x08001f57   Thumb Code     4  stm32f4xx_i2c.o(i.I2C_SendData)
    I2C_Test                                 0x08001f9d   Thumb Code   178  main.o(i.I2C_Test)
    MemManage_Handler                        0x08002129   Thumb Code     4  stm32f4xx_it.o(i.MemManage_Handler)
    NMI_Handler                              0x0800212d   Thumb Code     2  stm32f4xx_it.o(i.NMI_Handler)
    NVIC_Init                                0x08002155   Thumb Code   106  misc.o(i.NVIC_Init)
    NVIC_PriorityGroupConfig                 0x080021cd   Thumb Code    10  misc.o(i.NVIC_PriorityGroupConfig)
    PWR_BackupAccessCmd                      0x080021e1   Thumb Code     6  stm32f4xx_pwr.o(i.PWR_BackupAccessCmd)
    PendSV_Handler                           0x080021ed   Thumb Code     2  stm32f4xx_it.o(i.PendSV_Handler)
    RCC_AHB1PeriphClockCmd                   0x080021f1   Thumb Code    26  stm32f4xx_rcc.o(i.RCC_AHB1PeriphClockCmd)
    RCC_APB1PeriphClockCmd                   0x08002211   Thumb Code    26  stm32f4xx_rcc.o(i.RCC_APB1PeriphClockCmd)
    RCC_APB2PeriphClockCmd                   0x08002231   Thumb Code    26  stm32f4xx_rcc.o(i.RCC_APB2PeriphClockCmd)
    RCC_GetClocksFreq                        0x08002251   Thumb Code   214  stm32f4xx_rcc.o(i.RCC_GetClocksFreq)
    RCC_GetFlagStatus                        0x08002339   Thumb Code    60  stm32f4xx_rcc.o(i.RCC_GetFlagStatus)
    RCC_LSICmd                               0x08002379   Thumb Code     6  stm32f4xx_rcc.o(i.RCC_LSICmd)
    RCC_MCO1Config                           0x08002385   Thumb Code    24  stm32f4xx_rcc.o(i.RCC_MCO1Config)
    RCC_MCO2Config                           0x080023a1   Thumb Code    24  stm32f4xx_rcc.o(i.RCC_MCO2Config)
    RCC_RTCCLKCmd                            0x080023bd   Thumb Code     6  stm32f4xx_rcc.o(i.RCC_RTCCLKCmd)
    RCC_RTCCLKConfig                         0x080023c9   Thumb Code    50  stm32f4xx_rcc.o(i.RCC_RTCCLKConfig)
    RTC_CLK_Config                           0x08002439   Thumb Code    80  rtc.o(i.RTC_CLK_Config)
    RTC_EnterInitMode                        0x080024a5   Thumb Code    76  stm32f4xx_rtc.o(i.RTC_EnterInitMode)
    RTC_ExitInitMode                         0x080024f5   Thumb Code    14  stm32f4xx_rtc.o(i.RTC_ExitInitMode)
    RTC_Init                                 0x08002509   Thumb Code    94  stm32f4xx_rtc.o(i.RTC_Init)
    RTC_ReadBackupRegister                   0x0800256d   Thumb Code    26  stm32f4xx_rtc.o(i.RTC_ReadBackupRegister)
    RTC_SetDate                              0x0800258d   Thumb Code   190  stm32f4xx_rtc.o(i.RTC_SetDate)
    RTC_SetTime                              0x08002655   Thumb Code   198  stm32f4xx_rtc.o(i.RTC_SetTime)
    RTC_TimeAndDate_Set                      0x08002725   Thumb Code    88  rtc.o(i.RTC_TimeAndDate_Set)
    RTC_WaitForSynchro                       0x0800277d   Thumb Code    92  stm32f4xx_rtc.o(i.RTC_WaitForSynchro)
    RTC_WriteBackupRegister                  0x080027dd   Thumb Code    24  stm32f4xx_rtc.o(i.RTC_WriteBackupRegister)
    Rheostat_Init                            0x08002945   Thumb Code    12  adc.o(i.Rheostat_Init)
    SVC_Handler                              0x08002951   Thumb Code     2  stm32f4xx_it.o(i.SVC_Handler)
    SysTick_Handler                          0x08002a41   Thumb Code     8  stm32f4xx_it.o(i.SysTick_Handler)
    SystemInit                               0x08002a49   Thumb Code    88  system_stm32f4xx_1.o(i.SystemInit)
    TIM2_IRQHandler                          0x08002ab1   Thumb Code   124  timer.o(i.TIM2_IRQHandler)
    TIM_ClearFlag                            0x08002b35   Thumb Code     6  stm32f4xx_tim.o(i.TIM_ClearFlag)
    TIM_ClearITPendingBit                    0x08002b3b   Thumb Code     6  stm32f4xx_tim.o(i.TIM_ClearITPendingBit)
    TIM_Cmd                                  0x08002b41   Thumb Code    24  stm32f4xx_tim.o(i.TIM_Cmd)
    TIM_GetITStatus                          0x08002b59   Thumb Code    34  stm32f4xx_tim.o(i.TIM_GetITStatus)
    TIM_ITConfig                             0x08002b7b   Thumb Code    18  stm32f4xx_tim.o(i.TIM_ITConfig)
    TIM_TimeBaseInit                         0x08002bd5   Thumb Code   104  stm32f4xx_tim.o(i.TIM_TimeBaseInit)
    TIMx_Configuration                       0x08002c59   Thumb Code    12  timer.o(i.TIMx_Configuration)
    Task1                                    0x08002c91   Thumb Code    14  task.o(i.Task1)
    Task2                                    0x08002cb9   Thumb Code    14  task.o(i.Task2)
    Task3                                    0x08002ce1   Thumb Code    14  task.o(i.Task3)
    Task4                                    0x08002d11   Thumb Code   230  task.o(i.Task4)
    TimingDelay_Decrement                    0x08002e85   Thumb Code    18  main.o(i.TimingDelay_Decrement)
    USART1_IRQHandler                        0x08002e9d   Thumb Code    42  stm32f4xx_it.o(i.USART1_IRQHandler)
    USART_ClearITPendingBit                  0x08002ecd   Thumb Code    30  stm32f4xx_usart.o(i.USART_ClearITPendingBit)
    USART_Cmd                                0x08002eeb   Thumb Code    24  stm32f4xx_usart.o(i.USART_Cmd)
    USART_GetFlagStatus                      0x08002f03   Thumb Code    26  stm32f4xx_usart.o(i.USART_GetFlagStatus)
    USART_GetITStatus                        0x08002f1d   Thumb Code    84  stm32f4xx_usart.o(i.USART_GetITStatus)
    USART_ITConfig                           0x08002f71   Thumb Code    74  stm32f4xx_usart.o(i.USART_ITConfig)
    USART_Init                               0x08002fbd   Thumb Code   204  stm32f4xx_usart.o(i.USART_Init)
    USART_ReceiveData                        0x08003091   Thumb Code    10  stm32f4xx_usart.o(i.USART_ReceiveData)
    USART_SendData                           0x0800309b   Thumb Code     8  stm32f4xx_usart.o(i.USART_SendData)
    UsageFault_Handler                       0x080030a3   Thumb Code     4  stm32f4xx_it.o(i.UsageFault_Handler)
    Usart_SendByte                           0x080030a7   Thumb Code    30  uart.o(i.Usart_SendByte)
    Usart_SendString                         0x080030c5   Thumb Code    42  uart.o(i.Usart_SendString)
    __ARM_fpclassify                         0x080030ef   Thumb Code    48  fpclassify.o(i.__ARM_fpclassify)
    _is_digit                                0x0800311f   Thumb Code    14  __printf_wp.o(i._is_digit)
    _sys_exit                                0x0800312d   Thumb Code     4  main.o(i._sys_exit)
    fputc                                    0x08003131   Thumb Code    22  main.o(i.fputc)
    main                                     0x0800314d   Thumb Code   358  main.o(i.main)
    _get_lc_numeric                          0x08003381   Thumb Code    44  lc_numeric_c.o(locale$$code)
    __aeabi_d2f                              0x080033ad   Thumb Code     0  d2f.o(x$fpl$d2f)
    _d2f                                     0x080033ad   Thumb Code    98  d2f.o(x$fpl$d2f)
    __aeabi_ddiv                             0x08003411   Thumb Code     0  ddiv.o(x$fpl$ddiv)
    _ddiv                                    0x08003411   Thumb Code   552  ddiv.o(x$fpl$ddiv)
    __aeabi_ui2d                             0x080036c1   Thumb Code     0  dflt_clz.o(x$fpl$dfltu)
    _dfltu                                   0x080036c1   Thumb Code    38  dflt_clz.o(x$fpl$dfltu)
    __aeabi_dmul                             0x080036e9   Thumb Code     0  dmul.o(x$fpl$dmul)
    _dmul                                    0x080036e9   Thumb Code   332  dmul.o(x$fpl$dmul)
    __fpl_dnaninf                            0x0800383d   Thumb Code   156  dnaninf.o(x$fpl$dnaninf)
    __fpl_dretinf                            0x080038d9   Thumb Code    12  dretinf.o(x$fpl$dretinf)
    __aeabi_f2d                              0x080038e5   Thumb Code     0  f2d.o(x$fpl$f2d)
    _f2d                                     0x080038e5   Thumb Code    86  f2d.o(x$fpl$f2d)
    __fpl_fnaninf                            0x0800393b   Thumb Code   140  fnaninf.o(x$fpl$fnaninf)
    _fp_init                                 0x080039c7   Thumb Code    10  fpinit.o(x$fpl$fpinit)
    __fplib_config_fpu_vfp                   0x080039cf   Thumb Code     0  fpinit.o(x$fpl$fpinit)
    __fplib_config_pureend_doubles           0x080039cf   Thumb Code     0  fpinit.o(x$fpl$fpinit)
    __fpl_fretinf                            0x080039d1   Thumb Code    10  fretinf.o(x$fpl$fretinf)
    _printf_fp_dec                           0x080039db   Thumb Code     4  printf1.o(x$fpl$printf1)
    __I$use$fp                               0x080039de   Number         0  usenofp.o(x$fpl$usenofp)
    Region$$Table$$Base                      0x08003aac   Number         0  anon$$obj.o(Region$$Table)
    Region$$Table$$Limit                     0x08003acc   Number         0  anon$$obj.o(Region$$Table)
    __stdout                                 0x20000014   Data           4  main.o(.data)
    tasks                                    0x20000018   Data          48  task.o(.data)
    task_count                               0x20000048   Data           4  task.o(.data)
    ADC_ConvertedValueLocal                  0x2000004c   Data           8  task.o(.data)
    ADC_ConvertedValue                       0x20000054   Data           4  adc.o(.data)
    EEPROM_ADDRESS                           0x20000058   Data           2  i2c_ee.o(.data)
    I2c_Buf_Write                            0x20000060   Data         256  main.o(.bss)
    I2c_Buf_Read                             0x20000160   Data         256  main.o(.bss)
    RCC_Clocks                               0x20000260   Data          16  main.o(.bss)
    __libspace_start                         0x20000270   Data          96  libspace.o(.bss)
    __temporary_stack_top$libspace           0x200002d0   Data           0  libspace.o(.bss)



==============================================================================

Memory Map of the image

  Image Entry point : 0x08000189

  Load Region LR_IROM1 (Base: 0x08000000, Size: 0x00003b48, Max: 0x00080000, ABSOLUTE)

    Execution Region ER_IROM1 (Base: 0x08000000, Size: 0x00003ae8, Max: 0x00080000, ABSOLUTE)

    Base Addr    Size         Type   Attr      Idx    E Section Name        Object

    0x08000000   0x00000188   Data   RO         5618    RESET               startup_stm32f40_41xxx.o
    0x08000188   0x00000008   Code   RO         5691  * !!!main             c_w.l(__main.o)
    0x08000190   0x00000034   Code   RO         5935    !!!scatter          c_w.l(__scatter.o)
    0x080001c4   0x0000001a   Code   RO         5937    !!handler_copy      c_w.l(__scatter_copy.o)
    0x080001de   0x00000002   PAD
    0x080001e0   0x0000001c   Code   RO         5939    !!handler_zi        c_w.l(__scatter_zi.o)
    0x080001fc   0x00000000   Code   RO         5688    .ARM.Collect$$_printf_percent$$00000000  c_w.l(_printf_percent.o)
    0x080001fc   0x00000006   Code   RO         5687    .ARM.Collect$$_printf_percent$$00000003  c_w.l(_printf_f.o)
    0x08000202   0x00000006   Code   RO         5686    .ARM.Collect$$_printf_percent$$00000009  c_w.l(_printf_d.o)
    0x08000208   0x00000006   Code   RO         5685    .ARM.Collect$$_printf_percent$$0000000C  c_w.l(_printf_x.o)
    0x0800020e   0x00000004   Code   RO         5726    .ARM.Collect$$_printf_percent$$00000017  c_w.l(_printf_percent_end.o)
    0x08000212   0x00000002   Code   RO         5812    .ARM.Collect$$libinit$$00000000  c_w.l(libinit.o)
    0x08000214   0x00000004   Code   RO         5813    .ARM.Collect$$libinit$$00000001  c_w.l(libinit2.o)
    0x08000218   0x00000000   Code   RO         5816    .ARM.Collect$$libinit$$00000004  c_w.l(libinit2.o)
    0x08000218   0x00000000   Code   RO         5819    .ARM.Collect$$libinit$$0000000A  c_w.l(libinit2.o)
    0x08000218   0x00000000   Code   RO         5821    .ARM.Collect$$libinit$$0000000C  c_w.l(libinit2.o)
    0x08000218   0x00000000   Code   RO         5823    .ARM.Collect$$libinit$$0000000E  c_w.l(libinit2.o)
    0x08000218   0x00000006   Code   RO         5824    .ARM.Collect$$libinit$$0000000F  c_w.l(libinit2.o)
    0x0800021e   0x00000000   Code   RO         5826    .ARM.Collect$$libinit$$00000011  c_w.l(libinit2.o)
    0x0800021e   0x00000000   Code   RO         5828    .ARM.Collect$$libinit$$00000013  c_w.l(libinit2.o)
    0x0800021e   0x00000000   Code   RO         5830    .ARM.Collect$$libinit$$00000015  c_w.l(libinit2.o)
    0x0800021e   0x0000000a   Code   RO         5831    .ARM.Collect$$libinit$$00000016  c_w.l(libinit2.o)
    0x08000228   0x00000000   Code   RO         5832    .ARM.Collect$$libinit$$00000017  c_w.l(libinit2.o)
    0x08000228   0x00000000   Code   RO         5834    .ARM.Collect$$libinit$$00000019  c_w.l(libinit2.o)
    0x08000228   0x00000000   Code   RO         5836    .ARM.Collect$$libinit$$0000001B  c_w.l(libinit2.o)
    0x08000228   0x00000000   Code   RO         5838    .ARM.Collect$$libinit$$0000001D  c_w.l(libinit2.o)
    0x08000228   0x00000000   Code   RO         5840    .ARM.Collect$$libinit$$0000001F  c_w.l(libinit2.o)
    0x08000228   0x00000000   Code   RO         5842    .ARM.Collect$$libinit$$00000021  c_w.l(libinit2.o)
    0x08000228   0x00000000   Code   RO         5844    .ARM.Collect$$libinit$$00000023  c_w.l(libinit2.o)
    0x08000228   0x00000000   Code   RO         5846    .ARM.Collect$$libinit$$00000025  c_w.l(libinit2.o)
    0x08000228   0x00000000   Code   RO         5850    .ARM.Collect$$libinit$$0000002C  c_w.l(libinit2.o)
    0x08000228   0x00000000   Code   RO         5852    .ARM.Collect$$libinit$$0000002E  c_w.l(libinit2.o)
    0x08000228   0x00000000   Code   RO         5854    .ARM.Collect$$libinit$$00000030  c_w.l(libinit2.o)
    0x08000228   0x00000000   Code   RO         5856    .ARM.Collect$$libinit$$00000032  c_w.l(libinit2.o)
    0x08000228   0x00000002   Code   RO         5857    .ARM.Collect$$libinit$$00000033  c_w.l(libinit2.o)
    0x0800022a   0x00000002   Code   RO         5885    .ARM.Collect$$libshutdown$$00000000  c_w.l(libshutdown.o)
    0x0800022c   0x00000000   Code   RO         5894    .ARM.Collect$$libshutdown$$00000002  c_w.l(libshutdown2.o)
    0x0800022c   0x00000000   Code   RO         5896    .ARM.Collect$$libshutdown$$00000004  c_w.l(libshutdown2.o)
    0x0800022c   0x00000000   Code   RO         5899    .ARM.Collect$$libshutdown$$00000007  c_w.l(libshutdown2.o)
    0x0800022c   0x00000000   Code   RO         5902    .ARM.Collect$$libshutdown$$0000000A  c_w.l(libshutdown2.o)
    0x0800022c   0x00000000   Code   RO         5904    .ARM.Collect$$libshutdown$$0000000C  c_w.l(libshutdown2.o)
    0x0800022c   0x00000000   Code   RO         5907    .ARM.Collect$$libshutdown$$0000000F  c_w.l(libshutdown2.o)
    0x0800022c   0x00000002   Code   RO         5908    .ARM.Collect$$libshutdown$$00000010  c_w.l(libshutdown2.o)
    0x0800022e   0x00000000   Code   RO         5713    .ARM.Collect$$rtentry$$00000000  c_w.l(__rtentry.o)
    0x0800022e   0x00000000   Code   RO         5737    .ARM.Collect$$rtentry$$00000002  c_w.l(__rtentry2.o)
    0x0800022e   0x00000006   Code   RO         5749    .ARM.Collect$$rtentry$$00000004  c_w.l(__rtentry4.o)
    0x08000234   0x00000000   Code   RO         5739    .ARM.Collect$$rtentry$$00000009  c_w.l(__rtentry2.o)
    0x08000234   0x00000004   Code   RO         5740    .ARM.Collect$$rtentry$$0000000A  c_w.l(__rtentry2.o)
    0x08000238   0x00000000   Code   RO         5742    .ARM.Collect$$rtentry$$0000000C  c_w.l(__rtentry2.o)
    0x08000238   0x00000008   Code   RO         5743    .ARM.Collect$$rtentry$$0000000D  c_w.l(__rtentry2.o)
    0x08000240   0x00000002   Code   RO         5858    .ARM.Collect$$rtexit$$00000000  c_w.l(rtexit.o)
    0x08000242   0x00000000   Code   RO         5865    .ARM.Collect$$rtexit$$00000002  c_w.l(rtexit2.o)
    0x08000242   0x00000004   Code   RO         5866    .ARM.Collect$$rtexit$$00000003  c_w.l(rtexit2.o)
    0x08000246   0x00000006   Code   RO         5867    .ARM.Collect$$rtexit$$00000004  c_w.l(rtexit2.o)
    0x0800024c   0x00000040   Code   RO         5619    .text               startup_stm32f40_41xxx.o
    0x0800028c   0x00000002   Code   RO         5625    .text               c_w.l(use_no_semi_2.o)
    0x0800028e   0x00000002   PAD
    0x08000290   0x00000018   Code   RO         5631    .text               c_w.l(noretval__2printf.o)
    0x080002a8   0x0000004e   Code   RO         5637    .text               c_w.l(_printf_pad.o)
    0x080002f6   0x00000002   PAD
    0x080002f8   0x00000078   Code   RO         5641    .text               c_w.l(_printf_dec.o)
    0x08000370   0x00000058   Code   RO         5646    .text               c_w.l(_printf_hex_int.o)
    0x080003c8   0x00000138   Code   RO         5676    .text               c_w.l(__printf_flags_wp.o)
    0x08000500   0x00000006   Code   RO         5689    .text               c_w.l(heapauxi.o)
    0x08000506   0x00000002   Code   RO         5711    .text               c_w.l(use_no_semi.o)
    0x08000508   0x000000b2   Code   RO         5714    .text               c_w.l(_printf_intcommon.o)
    0x080005ba   0x0000041a   Code   RO         5716    .text               c_w.l(_printf_fp_dec.o)
    0x080009d4   0x00000030   Code   RO         5718    .text               c_w.l(_printf_char_common.o)
    0x08000a04   0x00000024   Code   RO         5724    .text               c_w.l(_printf_char_file.o)
    0x08000a28   0x00000008   Code   RO         5754    .text               c_w.l(rt_locale_intlibspace.o)
    0x08000a30   0x0000008a   Code   RO         5756    .text               c_w.l(lludiv10.o)
    0x08000aba   0x00000002   PAD
    0x08000abc   0x00000080   Code   RO         5758    .text               c_w.l(_printf_fp_infnan.o)
    0x08000b3c   0x000000dc   Code   RO         5762    .text               c_w.l(bigflt0.o)
    0x08000c18   0x00000008   Code   RO         5787    .text               c_w.l(ferror.o)
    0x08000c20   0x00000008   Code   RO         5798    .text               c_w.l(libspace.o)
    0x08000c28   0x0000004a   Code   RO         5801    .text               c_w.l(sys_stackheap_outer.o)
    0x08000c72   0x00000012   Code   RO         5803    .text               c_w.l(exit.o)
    0x08000c84   0x00000080   Code   RO         5805    .text               c_w.l(strcmpv7m.o)
    0x08000d04   0x0000003e   Code   RO         5765    CL$$btod_d2e        c_w.l(btod.o)
    0x08000d42   0x00000046   Code   RO         5767    CL$$btod_d2e_denorm_low  c_w.l(btod.o)
    0x08000d88   0x00000060   Code   RO         5766    CL$$btod_d2e_norm_op1  c_w.l(btod.o)
    0x08000de8   0x00000338   Code   RO         5775    CL$$btod_div_common  c_w.l(btod.o)
    0x08001120   0x000000c6   Code   RO         5772    CL$$btod_e2e        c_w.l(btod.o)
    0x080011e6   0x00000028   Code   RO         5769    CL$$btod_ediv       c_w.l(btod.o)
    0x0800120e   0x00000028   Code   RO         5768    CL$$btod_emul       c_w.l(btod.o)
    0x08001236   0x00000244   Code   RO         5774    CL$$btod_mult_common  c_w.l(btod.o)
    0x0800147a   0x00000016   Code   RO          165    i.ADC_Cmd           stm32f4xx_adc.o
    0x08001490   0x00000030   Code   RO          166    i.ADC_CommonInit    stm32f4xx_adc.o
    0x080014c0   0x00000016   Code   RO          169    i.ADC_DMACmd        stm32f4xx_adc.o
    0x080014d6   0x00000002   PAD
    0x080014d8   0x00000054   Code   RO          185    i.ADC_Init          stm32f4xx_adc.o
    0x0800152c   0x0000002c   Code   RO          189    i.ADC_MultiModeDMARequestAfterLastTransferCmd  stm32f4xx_adc.o
    0x08001558   0x000000b8   Code   RO          190    i.ADC_RegularChannelConfig  stm32f4xx_adc.o
    0x08001610   0x0000000a   Code   RO          192    i.ADC_SoftwareStartConv  stm32f4xx_adc.o
    0x0800161a   0x00000014   Code   RO          194    i.ADC_StructInit    stm32f4xx_adc.o
    0x0800162e   0x00000004   Code   RO         5202    i.BusFault_Handler  stm32f4xx_it.o
    0x08001632   0x00000016   Code   RO         2302    i.DMA_Cmd           stm32f4xx_dma.o
    0x08001648   0x00000058   Code   RO         2314    i.DMA_Init          stm32f4xx_dma.o
    0x080016a0   0x00000002   Code   RO         5203    i.DebugMon_Handler  stm32f4xx_it.o
    0x080016a2   0x00000002   PAD
    0x080016a4   0x000000a8   Code   RO         5421    i.Debug_USART_Config  uart.o
    0x0800174c   0x00000018   Code   RO         5116    i.Delay             main.o
    0x08001764   0x00000090   Code   RO         3102    i.GPIO_Init         stm32f4xx_gpio.o
    0x080017f4   0x00000046   Code   RO         3103    i.GPIO_PinAFConfig  stm32f4xx_gpio.o
    0x0800183a   0x00000004   Code   RO         5204    i.HardFault_Handler  stm32f4xx_it.o
    0x0800183e   0x00000018   Code   RO         3390    i.I2C_AcknowledgeConfig  stm32f4xx_i2c.o
    0x08001856   0x0000002a   Code   RO         3393    i.I2C_CheckEvent    stm32f4xx_i2c.o
    0x08001880   0x0000000c   Code   RO         3394    i.I2C_ClearFlag     stm32f4xx_i2c.o
    0x0800188c   0x00000018   Code   RO         3396    i.I2C_Cmd           stm32f4xx_i2c.o
    0x080018a4   0x000001b8   Code   RO         5547    i.I2C_EE_BufferRead  i2c_ee.o
    0x08001a5c   0x0000012a   Code   RO         5548    i.I2C_EE_BufferWrite  i2c_ee.o
    0x08001b86   0x00000002   PAD
    0x08001b88   0x00000018   Code   RO         5550    i.I2C_EE_Init       i2c_ee.o
    0x08001ba0   0x00000134   Code   RO         5551    i.I2C_EE_PageWrite  i2c_ee.o
    0x08001cd4   0x00000054   Code   RO         5552    i.I2C_EE_WaitEepromStandbyState  i2c_ee.o
    0x08001d28   0x00000060   Code   RO         5553    i.I2C_GPIO_Config   i2c_ee.o
    0x08001d88   0x00000018   Code   RO         3404    i.I2C_GenerateSTART  stm32f4xx_i2c.o
    0x08001da0   0x00000018   Code   RO         3405    i.I2C_GenerateSTOP  stm32f4xx_i2c.o
    0x08001db8   0x0000003a   Code   RO         3406    i.I2C_GetFlagStatus  stm32f4xx_i2c.o
    0x08001df2   0x00000002   PAD
    0x08001df4   0x000000e8   Code   RO         3411    i.I2C_Init          stm32f4xx_i2c.o
    0x08001edc   0x0000004c   Code   RO         5554    i.I2C_Mode_Configu  i2c_ee.o
    0x08001f28   0x00000016   Code   RO         3415    i.I2C_ReadRegister  stm32f4xx_i2c.o
    0x08001f3e   0x00000008   Code   RO         3416    i.I2C_ReceiveData   stm32f4xx_i2c.o
    0x08001f46   0x00000010   Code   RO         3418    i.I2C_Send7bitAddress  stm32f4xx_i2c.o
    0x08001f56   0x00000004   Code   RO         3419    i.I2C_SendData      stm32f4xx_i2c.o
    0x08001f5a   0x00000002   PAD
    0x08001f5c   0x00000040   Code   RO         5555    i.I2C_TIMEOUT_UserCallback  i2c_ee.o
    0x08001f9c   0x0000018c   Code   RO         5117    i.I2C_Test          main.o
    0x08002128   0x00000004   Code   RO         5205    i.MemManage_Handler  stm32f4xx_it.o
    0x0800212c   0x00000002   Code   RO         5206    i.NMI_Handler       stm32f4xx_it.o
    0x0800212e   0x00000026   Code   RO         5422    i.NVIC_Configuration  uart.o
    0x08002154   0x00000078   Code   RO            4    i.NVIC_Init         misc.o
    0x080021cc   0x00000014   Code   RO            5    i.NVIC_PriorityGroupConfig  misc.o
    0x080021e0   0x0000000c   Code   RO         3893    i.PWR_BackupAccessCmd  stm32f4xx_pwr.o
    0x080021ec   0x00000002   Code   RO         5207    i.PendSV_Handler    stm32f4xx_it.o
    0x080021ee   0x00000002   PAD
    0x080021f0   0x00000020   Code   RO         4028    i.RCC_AHB1PeriphClockCmd  stm32f4xx_rcc.o
    0x08002210   0x00000020   Code   RO         4037    i.RCC_APB1PeriphClockCmd  stm32f4xx_rcc.o
    0x08002230   0x00000020   Code   RO         4040    i.RCC_APB2PeriphClockCmd  stm32f4xx_rcc.o
    0x08002250   0x000000e8   Code   RO         4049    i.RCC_GetClocksFreq  stm32f4xx_rcc.o
    0x08002338   0x00000040   Code   RO         4050    i.RCC_GetFlagStatus  stm32f4xx_rcc.o
    0x08002378   0x0000000c   Code   RO         4060    i.RCC_LSICmd        stm32f4xx_rcc.o
    0x08002384   0x0000001c   Code   RO         4062    i.RCC_MCO1Config    stm32f4xx_rcc.o
    0x080023a0   0x0000001c   Code   RO         4063    i.RCC_MCO2Config    stm32f4xx_rcc.o
    0x080023bc   0x0000000c   Code   RO         4072    i.RCC_RTCCLKCmd     stm32f4xx_rcc.o
    0x080023c8   0x0000003c   Code   RO         4073    i.RCC_RTCCLKConfig  stm32f4xx_rcc.o
    0x08002404   0x00000016   Code   RO          408    i.RTC_Bcd2ToByte    stm32f4xx_rtc.o
    0x0800241a   0x0000001c   Code   RO          410    i.RTC_ByteToBcd2    stm32f4xx_rtc.o
    0x08002436   0x00000002   PAD
    0x08002438   0x0000006c   Code   RO         5505    i.RTC_CLK_Config    rtc.o
    0x080024a4   0x00000050   Code   RO          420    i.RTC_EnterInitMode  stm32f4xx_rtc.o
    0x080024f4   0x00000014   Code   RO          421    i.RTC_ExitInitMode  stm32f4xx_rtc.o
    0x08002508   0x00000064   Code   RO          434    i.RTC_Init          stm32f4xx_rtc.o
    0x0800256c   0x00000020   Code   RO          437    i.RTC_ReadBackupRegister  stm32f4xx_rtc.o
    0x0800258c   0x000000c8   Code   RO          440    i.RTC_SetDate       stm32f4xx_rtc.o
    0x08002654   0x000000d0   Code   RO          441    i.RTC_SetTime       stm32f4xx_rtc.o
    0x08002724   0x00000058   Code   RO         5508    i.RTC_TimeAndDate_Set  rtc.o
    0x0800277c   0x00000060   Code   RO          457    i.RTC_WaitForSynchro  stm32f4xx_rtc.o
    0x080027dc   0x0000001c   Code   RO          460    i.RTC_WriteBackupRegister  stm32f4xx_rtc.o
    0x080027f8   0x00000048   Code   RO         5468    i.Rheostat_ADC_GPIO_Config  adc.o
    0x08002840   0x00000104   Code   RO         5469    i.Rheostat_ADC_Mode_Config  adc.o
    0x08002944   0x0000000c   Code   RO         5470    i.Rheostat_Init     adc.o
    0x08002950   0x00000002   Code   RO         5208    i.SVC_Handler       stm32f4xx_it.o
    0x08002952   0x00000002   PAD
    0x08002954   0x000000ec   Code   RO         5287    i.SetSysClock       system_stm32f4xx_1.o
    0x08002a40   0x00000008   Code   RO         5209    i.SysTick_Handler   stm32f4xx_it.o
    0x08002a48   0x00000068   Code   RO         5289    i.SystemInit        system_stm32f4xx_1.o
    0x08002ab0   0x00000084   Code   RO         5380    i.TIM2_IRQHandler   timer.o
    0x08002b34   0x00000006   Code   RO          773    i.TIM_ClearFlag     stm32f4xx_tim.o
    0x08002b3a   0x00000006   Code   RO          774    i.TIM_ClearITPendingBit  stm32f4xx_tim.o
    0x08002b40   0x00000018   Code   RO          779    i.TIM_Cmd           stm32f4xx_tim.o
    0x08002b58   0x00000022   Code   RO          800    i.TIM_GetITStatus   stm32f4xx_tim.o
    0x08002b7a   0x00000012   Code   RO          804    i.TIM_ITConfig      stm32f4xx_tim.o
    0x08002b8c   0x00000048   Code   RO         5381    i.TIM_Mode_Config   timer.o
    0x08002bd4   0x00000084   Code   RO          851    i.TIM_TimeBaseInit  stm32f4xx_tim.o
    0x08002c58   0x0000000c   Code   RO         5382    i.TIMx_Configuration  timer.o
    0x08002c64   0x0000002a   Code   RO         5383    i.TIMx_NVIC_Configuration  timer.o
    0x08002c8e   0x00000002   PAD
    0x08002c90   0x00000028   Code   RO         5328    i.Task1             task.o
    0x08002cb8   0x00000028   Code   RO         5329    i.Task2             task.o
    0x08002ce0   0x00000030   Code   RO         5330    i.Task3             task.o
    0x08002d10   0x00000174   Code   RO         5331    i.Task4             task.o
    0x08002e84   0x00000018   Code   RO         5118    i.TimingDelay_Decrement  main.o
    0x08002e9c   0x00000030   Code   RO         5210    i.USART1_IRQHandler  stm32f4xx_it.o
    0x08002ecc   0x0000001e   Code   RO         1330    i.USART_ClearITPendingBit  stm32f4xx_usart.o
    0x08002eea   0x00000018   Code   RO         1333    i.USART_Cmd         stm32f4xx_usart.o
    0x08002f02   0x0000001a   Code   RO         1336    i.USART_GetFlagStatus  stm32f4xx_usart.o
    0x08002f1c   0x00000054   Code   RO         1337    i.USART_GetITStatus  stm32f4xx_usart.o
    0x08002f70   0x0000004a   Code   RO         1339    i.USART_ITConfig    stm32f4xx_usart.o
    0x08002fba   0x00000002   PAD
    0x08002fbc   0x000000d4   Code   RO         1340    i.USART_Init        stm32f4xx_usart.o
    0x08003090   0x0000000a   Code   RO         1347    i.USART_ReceiveData  stm32f4xx_usart.o
    0x0800309a   0x00000008   Code   RO         1350    i.USART_SendData    stm32f4xx_usart.o
    0x080030a2   0x00000004   Code   RO         5211    i.UsageFault_Handler  stm32f4xx_it.o
    0x080030a6   0x0000001e   Code   RO         5423    i.Usart_SendByte    uart.o
    0x080030c4   0x0000002a   Code   RO         5425    i.Usart_SendString  uart.o
    0x080030ee   0x00000030   Code   RO         5796    i.__ARM_fpclassify  m_wm.l(fpclassify.o)
    0x0800311e   0x0000000e   Code   RO         5674    i._is_digit         c_w.l(__printf_wp.o)
    0x0800312c   0x00000004   Code   RO         5119    i._sys_exit         main.o
    0x08003130   0x0000001c   Code   RO         5120    i.fputc             main.o
    0x0800314c   0x00000234   Code   RO         5121    i.main              main.o
    0x08003380   0x0000002c   Code   RO         5792    locale$$code        c_w.l(lc_numeric_c.o)
    0x080033ac   0x00000062   Code   RO         5693    x$fpl$d2f           fz_wm.l(d2f.o)
    0x0800340e   0x00000002   PAD
    0x08003410   0x000002b0   Code   RO         5696    x$fpl$ddiv          fz_wm.l(ddiv.o)
    0x080036c0   0x00000026   Code   RO         5699    x$fpl$dfltu         fz_wm.l(dflt_clz.o)
    0x080036e6   0x00000002   PAD
    0x080036e8   0x00000154   Code   RO         5705    x$fpl$dmul          fz_wm.l(dmul.o)
    0x0800383c   0x0000009c   Code   RO         5727    x$fpl$dnaninf       fz_wm.l(dnaninf.o)
    0x080038d8   0x0000000c   Code   RO         5729    x$fpl$dretinf       fz_wm.l(dretinf.o)
    0x080038e4   0x00000056   Code   RO         5707    x$fpl$f2d           fz_wm.l(f2d.o)
    0x0800393a   0x0000008c   Code   RO         5731    x$fpl$fnaninf       fz_wm.l(fnaninf.o)
    0x080039c6   0x0000000a   Code   RO         5862    x$fpl$fpinit        fz_wm.l(fpinit.o)
    0x080039d0   0x0000000a   Code   RO         5733    x$fpl$fretinf       fz_wm.l(fretinf.o)
    0x080039da   0x00000004   Code   RO         5709    x$fpl$printf1       fz_wm.l(printf1.o)
    0x080039de   0x00000000   Code   RO         5735    x$fpl$usenofp       fz_wm.l(usenofp.o)
    0x080039de   0x00000028   Data   RO         5647    .constdata          c_w.l(_printf_hex_int.o)
    0x08003a06   0x00000011   Data   RO         5677    .constdata          c_w.l(__printf_flags_wp.o)
    0x08003a17   0x00000001   PAD
    0x08003a18   0x00000094   Data   RO         5763    .constdata          c_w.l(bigflt0.o)
    0x08003aac   0x00000020   Data   RO         5933    Region$$Table       anon$$obj.o
    0x08003acc   0x0000001c   Data   RO         5791    locale$$data        c_w.l(lc_numeric_c.o)


    Execution Region RW_IRAM1 (Base: 0x20000000, Size: 0x000008d0, Max: 0x00020000, ABSOLUTE)

    Base Addr    Size         Type   Attr      Idx    E Section Name        Object

    0x20000000   0x00000010   Data   RW         4081    .data               stm32f4xx_rcc.o
    0x20000010   0x00000008   Data   RW         5123    .data               main.o
    0x20000018   0x0000003c   Data   RW         5333    .data               task.o
    0x20000054   0x00000004   Data   RW         5471    .data               adc.o
    0x20000058   0x00000008   Data   RW         5556    .data               i2c_ee.o
    0x20000060   0x00000210   Zero   RW         5122    .bss                main.o
    0x20000270   0x00000060   Zero   RW         5799    .bss                c_w.l(libspace.o)
    0x200002d0   0x00000200   Zero   RW         5617    HEAP                startup_stm32f40_41xxx.o
    0x200004d0   0x00000400   Zero   RW         5616    STACK               startup_stm32f40_41xxx.o


==============================================================================

Image component sizes


      Code (inc. data)   RO Data    RW Data    ZI Data      Debug   Object Name

       344         26          0          4          0       2033   adc.o
      1390        126          0          8          0       5575   i2c_ee.o
      1040        440          0          8        528      31721   main.o
       140         24          0          0          0     341655   misc.o
       196         28          0          0          0       1063   rtc.o
        64         26        392          0       1536        812   startup_stm32f40_41xxx.o
       434         34          0          0          0       5697   stm32f4xx_adc.o
       110          6          0          0          0       2253   stm32f4xx_dma.o
       214          0          0          0          0       1663   stm32f4xx_gpio.o
       490         14          0          0          0       7455   stm32f4xx_i2c.o
        80          6          0          0          0       4394   stm32f4xx_it.o
        12          6          0          0          0        494   stm32f4xx_pwr.o
       532         70          0         16          0       7757   stm32f4xx_rcc.o
       814         50          0          0          0       6926   stm32f4xx_rtc.o
       220         28          0          0          0       3974   stm32f4xx_tim.o
       468          8          0          0          0       5819   stm32f4xx_usart.o
       340         32          0          0          0       1417   system_stm32f4xx_1.o
       500        228          0         60          0       2696   task.o
       258          8          0          0          0       1907   timer.o
       278         10          0          0          0       2465   uart.o

    ----------------------------------------------------------------------
      7944       1170        424         96       2064     437776   Object Totals
         0          0         32          0          0          0   (incl. Generated)
        20          0          0          0          0          0   (incl. Padding)

    ----------------------------------------------------------------------

      Code (inc. data)   RO Data    RW Data    ZI Data      Debug   Library Member Name

         8          0          0          0          0         68   __main.o
       312          4         17          0          0         92   __printf_flags_wp.o
        14          0          0          0          0         68   __printf_wp.o
         0          0          0          0          0          0   __rtentry.o
        12          0          0          0          0          0   __rtentry2.o
         6          0          0          0          0          0   __rtentry4.o
        52          8          0          0          0          0   __scatter.o
        26          0          0          0          0          0   __scatter_copy.o
        28          0          0          0          0          0   __scatter_zi.o
        48          6          0          0          0         96   _printf_char_common.o
        36          4          0          0          0         80   _printf_char_file.o
         6          0          0          0          0          0   _printf_d.o
       120         16          0          0          0         92   _printf_dec.o
         6          0          0          0          0          0   _printf_f.o
      1050          0          0          0          0        216   _printf_fp_dec.o
       128         16          0          0          0         84   _printf_fp_infnan.o
        88          4         40          0          0         88   _printf_hex_int.o
       178          0          0          0          0         88   _printf_intcommon.o
        78          0          0          0          0        108   _printf_pad.o
         0          0          0          0          0          0   _printf_percent.o
         4          0          0          0          0          0   _printf_percent_end.o
         6          0          0          0          0          0   _printf_x.o
       220          4        148          0          0         96   bigflt0.o
      1910        128          0          0          0        672   btod.o
        18          0          0          0          0         80   exit.o
         8          0          0          0          0         68   ferror.o
         6          0          0          0          0        152   heapauxi.o
        44         10         28          0          0         76   lc_numeric_c.o
         2          0          0          0          0          0   libinit.o
        22          0          0          0          0          0   libinit2.o
         2          0          0          0          0          0   libshutdown.o
         2          0          0          0          0          0   libshutdown2.o
         8          4          0          0         96         68   libspace.o
       138          0          0          0          0         80   lludiv10.o
        24          4          0          0          0         84   noretval__2printf.o
         8          4          0          0          0         68   rt_locale_intlibspace.o
         2          0          0          0          0          0   rtexit.o
        10          0          0          0          0          0   rtexit2.o
       128          0          0          0          0         68   strcmpv7m.o
        74          0          0          0          0         80   sys_stackheap_outer.o
         2          0          0          0          0         68   use_no_semi.o
         2          0          0          0          0         68   use_no_semi_2.o
        98          4          0          0          0        140   d2f.o
       688        140          0          0          0        256   ddiv.o
        38          0          0          0          0        116   dflt_clz.o
       340         12          0          0          0        152   dmul.o
       156          4          0          0          0        140   dnaninf.o
        12          0          0          0          0        116   dretinf.o
        86          4          0          0          0        132   f2d.o
       140          4          0          0          0        132   fnaninf.o
        10          0          0          0          0        116   fpinit.o
        10          0          0          0          0        116   fretinf.o
         4          0          0          0          0        116   printf1.o
         0          0          0          0          0          0   usenofp.o
        48          0          0          0          0        124   fpclassify.o

    ----------------------------------------------------------------------
      6478        380        234          0         96       4464   Library Totals
        12          0          1          0          0          0   (incl. Padding)

    ----------------------------------------------------------------------

      Code (inc. data)   RO Data    RW Data    ZI Data      Debug   Library Name

      4836        212        233          0         96       2808   c_w.l
      1582        168          0          0          0       1532   fz_wm.l
        48          0          0          0          0        124   m_wm.l

    ----------------------------------------------------------------------
      6478        380        234          0         96       4464   Library Totals

    ----------------------------------------------------------------------

==============================================================================


      Code (inc. data)   RO Data    RW Data    ZI Data      Debug   

     14422       1550        658         96       2160     429932   Grand Totals
     14422       1550        658         96       2160     429932   ELF Image Totals
     14422       1550        658         96          0          0   ROM Totals

==============================================================================

    Total RO  Size (Code + RO Data)                15080 (  14.73kB)
    Total RW  Size (RW Data + ZI Data)              2256 (   2.20kB)
    Total ROM Size (Code + RO Data + RW Data)      15176 (  14.82kB)

==============================================================================

